Archive member included to satisfy reference by file (symbol)

/Users/jared3701/Documents/git_repo/STM32/tools/gcc-arm-none-eabi-8-2019-q3-update/bin/../lib/gcc/arm-none-eabi/8.3.1/thumb/v7e-m+dp/hard/libgcc.a(_aeabi_ldivmod.o)
                              build/obj//Users/jared3701/Documents/git_repo/STM32/firmware/stm32H743/lib/Drivers/STM32H7xx_HAL_Driver/Src/stm32h7xx_hal_uart.o (__aeabi_ldivmod)
/Users/jared3701/Documents/git_repo/STM32/tools/gcc-arm-none-eabi-8-2019-q3-update/bin/../lib/gcc/arm-none-eabi/8.3.1/thumb/v7e-m+dp/hard/libgcc.a(_aeabi_uldivmod.o)
                              build/obj//Users/jared3701/Documents/git_repo/STM32/firmware/stm32H743/lib/Drivers/STM32H7xx_HAL_Driver/Src/stm32h7xx_hal_uart.o (__aeabi_uldivmod)
/Users/jared3701/Documents/git_repo/STM32/tools/gcc-arm-none-eabi-8-2019-q3-update/bin/../lib/gcc/arm-none-eabi/8.3.1/thumb/v7e-m+dp/hard/libgcc.a(_udivmoddi4.o)
                              /Users/jared3701/Documents/git_repo/STM32/tools/gcc-arm-none-eabi-8-2019-q3-update/bin/../lib/gcc/arm-none-eabi/8.3.1/thumb/v7e-m+dp/hard/libgcc.a(_aeabi_ldivmod.o) (__udivmoddi4)
/Users/jared3701/Documents/git_repo/STM32/tools/gcc-arm-none-eabi-8-2019-q3-update/bin/../lib/gcc/arm-none-eabi/8.3.1/thumb/v7e-m+dp/hard/libgcc.a(_dvmd_tls.o)
                              /Users/jared3701/Documents/git_repo/STM32/tools/gcc-arm-none-eabi-8-2019-q3-update/bin/../lib/gcc/arm-none-eabi/8.3.1/thumb/v7e-m+dp/hard/libgcc.a(_aeabi_ldivmod.o) (__aeabi_ldiv0)
/Users/jared3701/Documents/git_repo/STM32/tools/gcc-arm-none-eabi-8-2019-q3-update/bin/../lib/gcc/arm-none-eabi/8.3.1/../../../../arm-none-eabi/lib/thumb/v7e-m+dp/hard/libc_nano.a(lib_a-exit.o)
                              /Users/jared3701/Documents/git_repo/STM32/tools/gcc-arm-none-eabi-8-2019-q3-update/bin/../lib/gcc/arm-none-eabi/8.3.1/../../../../arm-none-eabi/lib/thumb/v7e-m+dp/hard/crt0.o (exit)
/Users/jared3701/Documents/git_repo/STM32/tools/gcc-arm-none-eabi-8-2019-q3-update/bin/../lib/gcc/arm-none-eabi/8.3.1/../../../../arm-none-eabi/lib/thumb/v7e-m+dp/hard/libc_nano.a(lib_a-impure.o)
                              /Users/jared3701/Documents/git_repo/STM32/tools/gcc-arm-none-eabi-8-2019-q3-update/bin/../lib/gcc/arm-none-eabi/8.3.1/../../../../arm-none-eabi/lib/thumb/v7e-m+dp/hard/libc_nano.a(lib_a-exit.o) (_global_impure_ptr)
/Users/jared3701/Documents/git_repo/STM32/tools/gcc-arm-none-eabi-8-2019-q3-update/bin/../lib/gcc/arm-none-eabi/8.3.1/../../../../arm-none-eabi/lib/thumb/v7e-m+dp/hard/libc_nano.a(lib_a-init.o)
                              /Users/jared3701/Documents/git_repo/STM32/tools/gcc-arm-none-eabi-8-2019-q3-update/bin/../lib/gcc/arm-none-eabi/8.3.1/../../../../arm-none-eabi/lib/thumb/v7e-m+dp/hard/crt0.o (__libc_init_array)
/Users/jared3701/Documents/git_repo/STM32/tools/gcc-arm-none-eabi-8-2019-q3-update/bin/../lib/gcc/arm-none-eabi/8.3.1/../../../../arm-none-eabi/lib/thumb/v7e-m+dp/hard/libc_nano.a(lib_a-memcmp.o)
                              build/obj//Users/jared3701/Documents/git_repo/STM32/firmware/stm32H743/lib/Middlewares/LwIP/src/netif/ethernet.o (memcmp)
/Users/jared3701/Documents/git_repo/STM32/tools/gcc-arm-none-eabi-8-2019-q3-update/bin/../lib/gcc/arm-none-eabi/8.3.1/../../../../arm-none-eabi/lib/thumb/v7e-m+dp/hard/libc_nano.a(lib_a-memcpy-stub.o)
                              build/obj//Users/jared3701/Documents/git_repo/STM32/firmware/stm32H743/lib/Middlewares/LwIP/src/apps/httpd/httpd.o (memcpy)
/Users/jared3701/Documents/git_repo/STM32/tools/gcc-arm-none-eabi-8-2019-q3-update/bin/../lib/gcc/arm-none-eabi/8.3.1/../../../../arm-none-eabi/lib/thumb/v7e-m+dp/hard/libc_nano.a(lib_a-memset.o)
                              /Users/jared3701/Documents/git_repo/STM32/tools/gcc-arm-none-eabi-8-2019-q3-update/bin/../lib/gcc/arm-none-eabi/8.3.1/../../../../arm-none-eabi/lib/thumb/v7e-m+dp/hard/crt0.o (memset)
/Users/jared3701/Documents/git_repo/STM32/tools/gcc-arm-none-eabi-8-2019-q3-update/bin/../lib/gcc/arm-none-eabi/8.3.1/../../../../arm-none-eabi/lib/thumb/v7e-m+dp/hard/libc_nano.a(lib_a-printf.o)
                              build/obj//Users/jared3701/Documents/git_repo/STM32/firmware/stm32H743/lib/Middlewares/LwIP/src/netif/ethernet.o (printf)
/Users/jared3701/Documents/git_repo/STM32/tools/gcc-arm-none-eabi-8-2019-q3-update/bin/../lib/gcc/arm-none-eabi/8.3.1/../../../../arm-none-eabi/lib/thumb/v7e-m+dp/hard/libc_nano.a(lib_a-rand.o)
                              build/obj//Users/jared3701/Documents/git_repo/STM32/firmware/stm32H743/lib/Middlewares/LwIP/src/core/ipv4/dhcp.o (rand)
/Users/jared3701/Documents/git_repo/STM32/tools/gcc-arm-none-eabi-8-2019-q3-update/bin/../lib/gcc/arm-none-eabi/8.3.1/../../../../arm-none-eabi/lib/thumb/v7e-m+dp/hard/libc_nano.a(lib_a-sprintf.o)
                              build/obj//Users/jared3701/Documents/git_repo/STM32/firmware/stm32H743/lib/Middlewares/FreeRTOS/Source/tasks.o (sprintf)
[...]
Memory Configuration

Name             Origin             Length             Attributes
RAM_D1           0x0000000020000000 0x0000000000020000 xrw
DTCMRAM          0x0000000024000000 0x0000000000080000 xrw
RAM_D2           0x0000000030000000 0x0000000000048000 xrw
RAM_D3           0x0000000038000000 0x0000000000010000 xrw
ITCMRAM          0x0000000000000000 0x0000000000010000 xrw
FLASH            0x0000000008000000 0x0000000000200000 xr
*default*        0x0000000000000000 0xffffffffffffffff

Linker script and memory map

LOAD /Users/jared3701/Documents/git_repo/STM32/tools/gcc-arm-none-eabi-8-2019-q3-update/bin/../lib/gcc/arm-none-eabi/8.3.1/thumb/v7e-m+dp/hard/crti.o
LOAD /Users/jared3701/Documents/git_repo/STM32/tools/gcc-arm-none-eabi-8-2019-q3-update/bin/../lib/gcc/arm-none-eabi/8.3.1/thumb/v7e-m+dp/hard/crtbegin.o
LOAD /Users/jared3701/Documents/git_repo/STM32/tools/gcc-arm-none-eabi-8-2019-q3-update/bin/../lib/gcc/arm-none-eabi/8.3.1/../../../../arm-none-eabi/lib/thumb/v7e-m+dp/hard/crt0.o
LOAD build/obj//Users/jared3701/Documents/git_repo/STM32/firmware/stm32H743/lib/Middlewares/FreeRTOS/Source/portable/MemMang/heap_4.o
LOAD build/obj//Users/jared3701/Documents/git_repo/STM32/firmware/stm32H743/lib/Middlewares/FreeRTOS/Source/CMSIS_RTOS/cmsis_os.o
LOAD build/obj//Users/jared3701/Documents/git_repo/STM32/firmware/stm32H743/lib/Middlewares/FreeRTOS/Source/portable/GCC/ARM_CM4F/port.o
LOAD build/obj//Users/jared3701/Documents/git_repo/STM32/firmware/stm32H743/lib/Middlewares/LwIP/src/netif/ethernet.o
LOAD build/obj//Users/jared3701/Documents/git_repo/STM32/firmware/stm32H743/lib/Middlewares/LwIP/system/OS/sys_arch.o
LOAD build/obj//Users/jared3701/Documents/git_repo/STM32/firmware/stm32H743/lib/Drivers/BSP/Components/lan8742/lan8742.o
LOAD build/obj//Users/jared3701/Documents/git_repo/STM32/firmware/stm32H743/lib/Drivers/STM32H7xx_HAL_Driver/Src/stm32h7xx_hal_rcc.o
LOAD build/obj//Users/jared3701/Documents/git_repo/STM32/firmware/stm32H743/lib/Drivers/STM32H7xx_HAL_Driver/Src/stm32h7xx_hal_tim_ex.o
LOAD build/obj//Users/jared3701/Documents/git_repo/STM32/firmware/stm32H743/lib/Drivers/STM32H7xx_HAL_Driver/Src/stm32h7xx_hal_sdram.o
LOAD build/obj//Users/jared3701/Documents/git_repo/STM32/firmware/stm32H743/lib/Drivers/STM32H7xx_HAL_Driver/Src/stm32h7xx_hal_i2c_ex.o
LOAD build/obj//Users/jared3701/Documents/git_repo/STM32/firmware/stm32H743/lib/Drivers/STM32H7xx_HAL_Driver/Src/stm32h7xx_hal_ltdc.o
LOAD build/obj//Users/jared3701/Documents/git_repo/STM32/firmware/stm32H743/lib/Drivers/STM32H7xx_HAL_Driver/Src/stm32h7xx_hal_gpio.o
LOAD build/obj//Users/jared3701/Documents/git_repo/STM32/firmware/stm32H743/lib/Drivers/STM32H7xx_HAL_Driver/Src/stm32h7xx_hal_flash.o
LOAD build/obj//Users/jared3701/Documents/git_repo/STM32/firmware/stm32H743/lib/Drivers/STM32H7xx_HAL_Driver/Src/stm32h7xx_hal_eth_ex.o
LOAD build/obj//Users/jared3701/Documents/git_repo/STM32/firmware/stm32H743/lib/Drivers/STM32H7xx_HAL_Driver/Src/stm32h7xx_hal_cortex.o
LOAD build/obj//Users/jared3701/Documents/git_repo/STM32/firmware/stm32H743/lib/Drivers/STM32H7xx_HAL_Driver/Src/stm32h7xx_hal_tim.o
LOAD build/obj//Users/jared3701/Documents/git_repo/STM32/firmware/stm32H743/lib/Drivers/STM32H7xx_HAL_Driver/Src/stm32h7xx_hal_rcc_ex.o
LOAD build/obj//Users/jared3701/Documents/git_repo/STM32/firmware/stm32H743/lib/Drivers/STM32H7xx_HAL_Driver/Src/stm32h7xx_hal_pwr.o
LOAD build/obj//Users/jared3701/Documents/git_repo/STM32/firmware/stm32H743/lib/Drivers/STM32H7xx_HAL_Driver/Src/stm32h7xx_hal_i2c.o
LOAD build/obj//Users/jared3701/Documents/git_repo/STM32/firmware/stm32H743/lib/Drivers/STM32H7xx_HAL_Driver/Src/stm32h7xx_hal_mdma.o
LOAD build/obj//Users/jared3701/Documents/git_repo/STM32/firmware/stm32H743/lib/Drivers/STM32H7xx_HAL_Driver/Src/stm32h7xx_hal_eth.o
LOAD build/obj//Users/jared3701/Documents/git_repo/STM32/firmware/stm32H743/lib/Drivers/STM32H7xx_HAL_Driver/Src/stm32h7xx_hal_dma.o
LOAD build/obj//Users/jared3701/Documents/git_repo/STM32/firmware/stm32H743/lib/Drivers/STM32H7xx_HAL_Driver/Src/stm32h7xx_hal_flash_ex.o
LOAD build/obj//Users/jared3701/Documents/git_repo/STM32/firmware/stm32H743/lib/Drivers/STM32H7xx_HAL_Driver/Src/stm32h7xx_ll_fmc.o
LOAD build/obj//Users/jared3701/Documents/git_repo/STM32/firmware/stm32H743/lib/Drivers/STM32H7xx_HAL_Driver/Src/stm32h7xx_hal_dma2d.o
LOAD build/obj//Users/jared3701/Documents/git_repo/STM32/firmware/stm32H743/lib/Drivers/STM32H7xx_HAL_Driver/Src/stm32h7xx_hal_uart.o
LOAD build/obj//Users/jared3701/Documents/git_repo/STM32/firmware/stm32H743/lib/Drivers/STM32H7xx_HAL_Driver/Src/stm32h7xx_hal_adc_ex.o
LOAD build/obj//Users/jared3701/Documents/git_repo/STM32/firmware/stm32H743/lib/Drivers/STM32H7xx_HAL_Driver/Src/stm32h7xx_hal.o
LOAD build/obj//Users/jared3701/Documents/git_repo/STM32/firmware/stm32H743/lib/Drivers/STM32H7xx_HAL_Driver/Src/stm32h7xx_hal_adc.o
LOAD build/obj//Users/jared3701/Documents/git_repo/STM32/firmware/stm32H743/lib/Drivers/STM32H7xx_HAL_Driver/Src/stm32h7xx_hal_pwr_ex.o
LOAD build/obj//Users/jared3701/Documents/git_repo/STM32/firmware/stm32H743/lib/Drivers/STM32H7xx_HAL_Driver/Src/stm32h7xx_hal_uart_ex.o
LOAD build/obj//Users/jared3701/Documents/git_repo/STM32/firmware/stm32H743/lib/Middlewares/LwIP/src/apps/httpd/httpd.o
LOAD build/obj//Users/jared3701/Documents/git_repo/STM32/firmware/stm32H743/lib/Middlewares/LwIP/src/apps/httpd/fs.o
LOAD build/obj//Users/jared3701/Documents/git_repo/STM32/firmware/stm32H743/lib/Middlewares/LwIP/src/core/ipv4/ip4.o
LOAD build/obj//Users/jared3701/Documents/git_repo/STM32/firmware/stm32H743/lib/Middlewares/LwIP/src/core/ipv4/ip4_frag.o
LOAD build/obj//Users/jared3701/Documents/git_repo/STM32/firmware/stm32H743/lib/Middlewares/LwIP/src/core/ipv4/etharp.o
LOAD build/obj//Users/jared3701/Documents/git_repo/STM32/firmware/stm32H743/lib/Middlewares/LwIP/src/core/ipv4/icmp.o
LOAD build/obj//Users/jared3701/Documents/git_repo/STM32/firmware/stm32H743/lib/Middlewares/LwIP/src/core/ipv4/ip4_addr.o
LOAD build/obj//Users/jared3701/Documents/git_repo/STM32/firmware/stm32H743/lib/Middlewares/LwIP/src/core/ipv4/igmp.o
LOAD build/obj//Users/jared3701/Documents/git_repo/STM32/firmware/stm32H743/lib/Middlewares/LwIP/src/core/ipv4/dhcp.o
LOAD build/obj//Users/jared3701/Documents/git_repo/STM32/firmware/stm32H743/lib/Middlewares/LwIP/src/core/ipv4/autoip.o
LOAD build/obj//Users/jared3701/Documents/git_repo/STM32/firmware/stm32H743/lib/Middlewares/LwIP/src/api/err.o
LOAD build/obj//Users/jared3701/Documents/git_repo/STM32/firmware/stm32H743/lib/Middlewares/LwIP/src/api/netdb.o
LOAD build/obj//Users/jared3701/Documents/git_repo/STM32/firmware/stm32H743/lib/Middlewares/LwIP/src/api/tcpip.o
LOAD build/obj//Users/jared3701/Documents/git_repo/STM32/firmware/stm32H743/lib/Middlewares/LwIP/src/api/netifapi.o
LOAD build/obj//Users/jared3701/Documents/git_repo/STM32/firmware/stm32H743/lib/Middlewares/LwIP/src/api/netbuf.o
LOAD build/obj//Users/jared3701/Documents/git_repo/STM32/firmware/stm32H743/lib/Middlewares/LwIP/src/api/api_lib.o
LOAD build/obj//Users/jared3701/Documents/git_repo/STM32/firmware/stm32H743/lib/Middlewares/LwIP/src/api/api_msg.o
LOAD build/obj//Users/jared3701/Documents/git_repo/STM32/firmware/stm32H743/lib/Middlewares/LwIP/src/api/sockets.o
LOAD build/obj//Users/jared3701/Documents/git_repo/STM32/firmware/stm32H743/lib/Drivers/BSP/STM32H7xx_Nucleo_144/stm32h7xx_nucleo_144.o
LOAD build/obj//Users/jared3701/Documents/git_repo/STM32/firmware/stm32H743/lib/Middlewares/FreeRTOS/Source/queue.o
LOAD build/obj//Users/jared3701/Documents/git_repo/STM32/firmware/stm32H743/lib/Middlewares/FreeRTOS/Source/timers.o
LOAD build/obj//Users/jared3701/Documents/git_repo/STM32/firmware/stm32H743/lib/Middlewares/FreeRTOS/Source/tasks.o
LOAD build/obj//Users/jared3701/Documents/git_repo/STM32/firmware/stm32H743/lib/Middlewares/FreeRTOS/Source/list.o
LOAD build/obj//Users/jared3701/Documents/git_repo/STM32/firmware/stm32H743/lib/Middlewares/FreeRTOS/Source/croutine.o
LOAD build/obj//Users/jared3701/Documents/git_repo/STM32/firmware/stm32H743/lib/Middlewares/LwIP/src/core/tcp_out.o
LOAD build/obj//Users/jared3701/Documents/git_repo/STM32/firmware/stm32H743/lib/Middlewares/LwIP/src/core/inet_chksum.o
LOAD build/obj//Users/jared3701/Documents/git_repo/STM32/firmware/stm32H743/lib/Middlewares/LwIP/src/core/tcp.o
LOAD build/obj//Users/jared3701/Documents/git_repo/STM32/firmware/stm32H743/lib/Middlewares/LwIP/src/core/init.o
LOAD build/obj//Users/jared3701/Documents/git_repo/STM32/firmware/stm32H743/lib/Middlewares/LwIP/src/core/udp.o
LOAD build/obj//Users/jared3701/Documents/git_repo/STM32/firmware/stm32H743/lib/Middlewares/LwIP/src/core/dns.o
LOAD build/obj//Users/jared3701/Documents/git_repo/STM32/firmware/stm32H743/lib/Middlewares/LwIP/src/core/netif.o
LOAD build/obj//Users/jared3701/Documents/git_repo/STM32/firmware/stm32H743/lib/Middlewares/LwIP/src/core/mem.o
LOAD build/obj//Users/jared3701/Documents/git_repo/STM32/firmware/stm32H743/lib/Middlewares/LwIP/src/core/raw.o
LOAD build/obj//Users/jared3701/Documents/git_repo/STM32/firmware/stm32H743/lib/Middlewares/LwIP/src/core/def.o
LOAD build/obj//Users/jared3701/Documents/git_repo/STM32/firmware/stm32H743/lib/Middlewares/LwIP/src/core/stats.o
LOAD build/obj//Users/jared3701/Documents/git_repo/STM32/firmware/stm32H743/lib/Middlewares/LwIP/src/core/pbuf.o
LOAD build/obj//Users/jared3701/Documents/git_repo/STM32/firmware/stm32H743/lib/Middlewares/LwIP/src/core/sys.o
LOAD build/obj//Users/jared3701/Documents/git_repo/STM32/firmware/stm32H743/lib/Middlewares/LwIP/src/core/timeouts.o
LOAD build/obj//Users/jared3701/Documents/git_repo/STM32/firmware/stm32H743/lib/Middlewares/LwIP/src/core/tcp_in.o
LOAD build/obj//Users/jared3701/Documents/git_repo/STM32/firmware/stm32H743/lib/Middlewares/LwIP/src/core/memp.o
LOAD build/obj//Users/jared3701/Documents/git_repo/STM32/firmware/stm32H743/lib/Middlewares/LwIP/src/core/ip.o
LOAD build/obj//Users/jared3701/Documents/git_repo/STM32/firmware/stm32H743/lib/SW4STM32/startup_stm32h743xx.o
LOAD build/obj//Users/jared3701/Documents/git_repo/STM32/firmware/stm32H743/lib/SW4STM32/syscalls.o
LOAD build/obj/application/src/httpserver_netconn.o
LOAD build/obj/application/src/stm32h7xx_hal_timebase_tim.o
LOAD build/obj/application/src/app_ethernet.o
LOAD build/obj/application/src/system_stm32h7xx.o
LOAD build/obj/application/src/ethernetif.o
LOAD build/obj/application/src/main.o
LOAD build/obj/application/src/stm32h7xx_it.o
LOAD /Users/jared3701/Documents/git_repo/STM32/tools/gcc-arm-none-eabi-8-2019-q3-update/bin/../lib/gcc/arm-none-eabi/8.3.1/../../../../arm-none-eabi/lib/thumb/v7e-m+dp/hard/libstdc++_nano.a
LOAD /Users/jared3701/Documents/git_repo/STM32/tools/gcc-arm-none-eabi-8-2019-q3-update/bin/../lib/gcc/arm-none-eabi/8.3.1/../../../../arm-none-eabi/lib/thumb/v7e-m+dp/hard/libm.a
START GROUP
LOAD /Users/jared3701/Documents/git_repo/STM32/tools/gcc-arm-none-eabi-8-2019-q3-update/bin/../lib/gcc/arm-none-eabi/8.3.1/thumb/v7e-m+dp/hard/libgcc.a
LOAD /Users/jared3701/Documents/git_repo/STM32/tools/gcc-arm-none-eabi-8-2019-q3-update/bin/../lib/gcc/arm-none-eabi/8.3.1/../../../../arm-none-eabi/lib/thumb/v7e-m+dp/hard/libc_nano.a
END GROUP
START GROUP
LOAD /Users/jared3701/Documents/git_repo/STM32/tools/gcc-arm-none-eabi-8-2019-q3-update/bin/../lib/gcc/arm-none-eabi/8.3.1/thumb/v7e-m+dp/hard/libgcc.a
LOAD /Users/jared3701/Documents/git_repo/STM32/tools/gcc-arm-none-eabi-8-2019-q3-update/bin/../lib/gcc/arm-none-eabi/8.3.1/../../../../arm-none-eabi/lib/thumb/v7e-m+dp/hard/libc_nano.a
END GROUP
LOAD /Users/jared3701/Documents/git_repo/STM32/tools/gcc-arm-none-eabi-8-2019-q3-update/bin/../lib/gcc/arm-none-eabi/8.3.1/thumb/v7e-m+dp/hard/crtend.o
LOAD /Users/jared3701/Documents/git_repo/STM32/tools/gcc-arm-none-eabi-8-2019-q3-update/bin/../lib/gcc/arm-none-eabi/8.3.1/thumb/v7e-m+dp/hard/crtn.o
                0x0000000024080000                _estack = 0x24080000
                0x0000000000001000                _Min_Heap_Size = 0x1000
                0x0000000000001000                _Min_Stack_Size = 0x1000

.isr_vector     0x0000000008000000      0x298
                0x0000000008000000                . = ALIGN (0x4)
 *(.isr_vector)
 .isr_vector    0x0000000008000000      0x298 build/obj//Users/jared3701/Documents/git_repo/STM32/firmware/stm32H743/lib/SW4STM32/startup_stm32h743xx.o
                0x0000000008000000                g_pfnVectors
                0x0000000008000298                . = ALIGN (0x4)

.text           0x00000000080002a0     0xdfdc
                0x00000000080002a0                . = ALIGN (0x4)
 *(.text)
 .text          0x00000000080002a0       0x40 /Users/jared3701/Documents/git_repo/STM32/tools/gcc-arm-none-eabi-8-2019-q3-update/bin/../lib/gcc/arm-none-eabi/8.3.1/thumb/v7e-m+dp/hard/crtbegin.o
 .text          0x00000000080002e0       0x14 /Users/jared3701/Documents/git_repo/STM32/tools/gcc-arm-none-eabi-8-2019-q3-update/bin/../lib/gcc/arm-none-eabi/8.3.1/../../../../arm-none-eabi/lib/thumb/v7e-m+dp/hard/libc_nano.a(lib_a-strcmp.o)
                0x00000000080002e0                strcmp
 .text          0x00000000080002f4       0x10 /Users/jared3701/Documents/git_repo/STM32/tools/gcc-arm-none-eabi-8-2019-q3-update/bin/../lib/gcc/arm-none-eabi/8.3.1/../../../../arm-none-eabi/lib/thumb/v7e-m+dp/hard/libc_nano.a(lib_a-strlen.o)
                0x00000000080002f4                strlen
 *fill*         0x0000000008000304        0xc 
 .text          0x0000000008000310       0xa0 /Users/jared3701/Documents/git_repo/STM32/tools/gcc-arm-none-eabi-8-2019-q3-update/bin/../lib/gcc/arm-none-eabi/8.3.1/../../../../arm-none-eabi/lib/thumb/v7e-m+dp/hard/libc_nano.a(lib_a-memchr.o)
                0x0000000008000310                memchr
 *(.text*)
 .text.prvInsertBlockIntoFreeList
                0x00000000080003b0       0x48 build/obj//Users/jared3701/Documents/git_repo/STM32/firmware/stm32H743/lib/Middlewares/FreeRTOS/Source/portable/MemMang/heap_4.o
 .text.pvPortMalloc
                0x00000000080003f8      0x114 build/obj//Users/jared3701/Documents/git_repo/STM32/firmware/stm32H743/lib/Middlewares/FreeRTOS/Source/portable/MemMang/heap_4.o
                0x00000000080003f8                pvPortMalloc
 .text.vPortFree
                0x000000000800050c       0x70 build/obj//Users/jared3701/Documents/git_repo/STM32/firmware/stm32H743/lib/Middlewares/FreeRTOS/Source/portable/MemMang/heap_4.o
                0x000000000800050c                vPortFree
 .text.osKernelStart
                0x000000000800057c        0xa build/obj//Users/jared3701/Documents/git_repo/STM32/firmware/stm32H743/lib/Middlewares/FreeRTOS/Source/CMSIS_RTOS/cmsis_os.o
                0x000000000800057c                osKernelStart
 .text.osKernelSysTick
                0x0000000008000586        0xe build/obj//Users/jared3701/Documents/git_repo/STM32/firmware/stm32H743/lib/Middlewares/FreeRTOS/Source/CMSIS_RTOS/cmsis_os.o
                0x0000000008000586                osKernelSysTick
 .text.osThreadCreate
                0x0000000008000594       0x30 build/obj//Users/jared3701/Documents/git_repo/STM32/firmware/stm32H743/lib/Middlewares/FreeRTOS/Source/CMSIS_RTOS/cmsis_os.o
                0x0000000008000594                osThreadCreate
 .text.osThreadTerminate
                0x00000000080005c4        0xa build/obj//Users/jared3701/Documents/git_repo/STM32/firmware/stm32H743/lib/Middlewares/FreeRTOS/Source/CMSIS_RTOS/cmsis_os.o
                0x00000000080005c4                osThreadTerminate
 .text.osDelay  0x00000000080005ce       0x10 build/obj//Users/jared3701/Documents/git_repo/STM32/firmware/stm32H743/lib/Middlewares/FreeRTOS/Source/CMSIS_RTOS/cmsis_os.o
                0x00000000080005ce                osDelay
 .text.osMutexCreate
                0x00000000080005de        0x6 build/obj//Users/jared3701/Documents/git_repo/STM32/firmware/stm32H743/lib/Middlewares/FreeRTOS/Source/CMSIS_RTOS/cmsis_os.o
                0x00000000080005de                osMutexCreate
 .text.osMutexWait
                0x00000000080005e4       0x4c build/obj//Users/jared3701/Documents/git_repo/STM32/firmware/stm32H743/lib/Middlewares/FreeRTOS/Source/CMSIS_RTOS/cmsis_os.o
                0x00000000080005e4                osMutexWait
 .text.osMutexRelease
                0x0000000008000630       0x48 build/obj//Users/jared3701/Documents/git_repo/STM32/firmware/stm32H743/lib/Middlewares/FreeRTOS/Source/CMSIS_RTOS/cmsis_os.o
                0x0000000008000630                osMutexRelease
 .text.osMutexDelete
                0x0000000008000678       0x14 build/obj//Users/jared3701/Documents/git_repo/STM32/firmware/stm32H743/lib/Middlewares/FreeRTOS/Source/CMSIS_RTOS/cmsis_os.o
                0x0000000008000678                osMutexDelete
 .text.osSemaphoreCreate
                0x000000000800068c       0x2a build/obj//Users/jared3701/Documents/git_repo/STM32/firmware/stm32H743/lib/Middlewares/FreeRTOS/Source/CMSIS_RTOS/cmsis_os.o
                0x000000000800068c                osSemaphoreCreate
 *fill*         0x00000000080006b6        0x2 
 .text.osSemaphoreWait
                0x00000000080006b8       0x4c build/obj//Users/jared3701/Documents/git_repo/STM32/firmware/stm32H743/lib/Middlewares/FreeRTOS/Source/CMSIS_RTOS/cmsis_os.o
                0x00000000080006b8                osSemaphoreWait
 .text.osSemaphoreRelease
                0x0000000008000704        0x4 build/obj//Users/jared3701/Documents/git_repo/STM32/firmware/stm32H743/lib/Middlewares/FreeRTOS/Source/CMSIS_RTOS/cmsis_os.o
                0x0000000008000704                osSemaphoreRelease
 .text.osSemaphoreDelete
                0x0000000008000708        0x4 build/obj//Users/jared3701/Documents/git_repo/STM32/firmware/stm32H743/lib/Middlewares/FreeRTOS/Source/CMSIS_RTOS/cmsis_os.o
                0x0000000008000708                osSemaphoreDelete
 .text.osMessageCreate
                0x000000000800070c        0xa build/obj//Users/jared3701/Documents/git_repo/STM32/firmware/stm32H743/lib/Middlewares/FreeRTOS/Source/CMSIS_RTOS/cmsis_os.o
                0x000000000800070c                osMessageCreate
 *fill*         0x0000000008000716        0x2 
 .text.osMessagePut
                0x0000000008000718       0x50 build/obj//Users/jared3701/Documents/git_repo/STM32/firmware/stm32H743/lib/Middlewares/FreeRTOS/Source/CMSIS_RTOS/cmsis_os.o
                0x0000000008000718                osMessagePut
 .text.osMessageGet
                0x0000000008000768       0x70 build/obj//Users/jared3701/Documents/git_repo/STM32/firmware/stm32H743/lib/Middlewares/FreeRTOS/Source/CMSIS_RTOS/cmsis_os.o
                0x0000000008000768                osMessageGet
 .text.osSystickHandler
                0x00000000080007d8       0x14 build/obj//Users/jared3701/Documents/git_repo/STM32/firmware/stm32H743/lib/Middlewares/FreeRTOS/Source/CMSIS_RTOS/cmsis_os.o
                0x00000000080007d8                osSystickHandler
 .text.osThreadList
                0x00000000080007ec        0xa build/obj//Users/jared3701/Documents/git_repo/STM32/firmware/stm32H743/lib/Middlewares/FreeRTOS/Source/CMSIS_RTOS/cmsis_os.o
                0x00000000080007ec                osThreadList
 .text.osMessageWaiting
                0x00000000080007f6        0xe build/obj//Users/jared3701/Documents/git_repo/STM32/firmware/stm32H743/lib/Middlewares/FreeRTOS/Source/CMSIS_RTOS/cmsis_os.o
                0x00000000080007f6                osMessageWaiting
 .text.osMessageDelete
                0x0000000008000804        0x4 build/obj//Users/jared3701/Documents/git_repo/STM32/firmware/stm32H743/lib/Middlewares/FreeRTOS/Source/CMSIS_RTOS/cmsis_os.o
                0x0000000008000804                osMessageDelete
 .text.prvPortStartFirstTask
                0x0000000008000808       0x28 build/obj//Users/jared3701/Documents/git_repo/STM32/firmware/stm32H743/lib/Middlewares/FreeRTOS/Source/portable/GCC/ARM_CM4F/port.o
 .text.vPortEnableVFP
                0x0000000008000830       0x14 build/obj//Users/jared3701/Documents/git_repo/STM32/firmware/stm32H743/lib/Middlewares/FreeRTOS/Source/portable/GCC/ARM_CM4F/port.o
 .text.prvTaskExitError
                0x0000000008000844       0x40 build/obj//Users/jared3701/Documents/git_repo/STM32/firmware/stm32H743/lib/Middlewares/FreeRTOS/Source/portable/GCC/ARM_CM4F/port.o
 .text.pxPortInitialiseStack
                0x0000000008000884       0x24 build/obj//Users/jared3701/Documents/git_repo/STM32/firmware/stm32H743/lib/Middlewares/FreeRTOS/Source/portable/GCC/ARM_CM4F/port.o
                0x0000000008000884                pxPortInitialiseStack
 *fill*         0x00000000080008a8        0x8 
 .text.SVC_Handler
                0x00000000080008b0       0x24 build/obj//Users/jared3701/Documents/git_repo/STM32/firmware/stm32H743/lib/Middlewares/FreeRTOS/Source/portable/GCC/ARM_CM4F/port.o
                0x00000000080008b0                SVC_Handler
 .text.vPortEnterCritical
                0x00000000080008d4       0x44 build/obj//Users/jared3701/Documents/git_repo/STM32/firmware/stm32H743/lib/Middlewares/FreeRTOS/Source/portable/GCC/ARM_CM4F/port.o
                0x00000000080008d4                vPortEnterCritical
 .text.vPortExitCritical
                0x0000000008000918       0x28 build/obj//Users/jared3701/Documents/git_repo/STM32/firmware/stm32H743/lib/Middlewares/FreeRTOS/Source/portable/GCC/ARM_CM4F/port.o
                0x0000000008000918                vPortExitCritical
 .text.PendSV_Handler
                0x0000000008000940       0x64 build/obj//Users/jared3701/Documents/git_repo/STM32/firmware/stm32H743/lib/Middlewares/FreeRTOS/Source/portable/GCC/ARM_CM4F/port.o
                0x0000000008000940                PendSV_Handler
 .text.xPortSysTickHandler
                0x00000000080009a4       0x2c build/obj//Users/jared3701/Documents/git_repo/STM32/firmware/stm32H743/lib/Middlewares/FreeRTOS/Source/portable/GCC/ARM_CM4F/port.o
                0x00000000080009a4                xPortSysTickHandler
 .text.vPortSetupTimerInterrupt
                0x00000000080009d0       0x34 build/obj//Users/jared3701/Documents/git_repo/STM32/firmware/stm32H743/lib/Middlewares/FreeRTOS/Source/portable/GCC/ARM_CM4F/port.o
                0x00000000080009d0                vPortSetupTimerInterrupt
 .text.xPortStartScheduler
                0x0000000008000a04      0x104 build/obj//Users/jared3701/Documents/git_repo/STM32/firmware/stm32H743/lib/Middlewares/FreeRTOS/Source/portable/GCC/ARM_CM4F/port.o
                0x0000000008000a04                xPortStartScheduler
 .text.vPortValidateInterruptPriority
                0x0000000008000b08       0x5c build/obj//Users/jared3701/Documents/git_repo/STM32/firmware/stm32H743/lib/Middlewares/FreeRTOS/Source/portable/GCC/ARM_CM4F/port.o
                0x0000000008000b08                vPortValidateInterruptPriority
 .text.ethernet_input
                0x0000000008000b64       0x98 build/obj//Users/jared3701/Documents/git_repo/STM32/firmware/stm32H743/lib/Middlewares/LwIP/src/netif/ethernet.o
                0x0000000008000b64                ethernet_input
 .text.ethernet_output
                0x0000000008000bfc       0x70 build/obj//Users/jared3701/Documents/git_repo/STM32/firmware/stm32H743/lib/Middlewares/LwIP/src/netif/ethernet.o
                0x0000000008000bfc                ethernet_output
 .text.sys_mbox_new
                0x0000000008000c6c       0x20 build/obj//Users/jared3701/Documents/git_repo/STM32/firmware/stm32H743/lib/Middlewares/LwIP/system/OS/sys_arch.o
                0x0000000008000c6c                sys_mbox_new
 .text.sys_mbox_free
                0x0000000008000c8c       0x14 build/obj//Users/jared3701/Documents/git_repo/STM32/firmware/stm32H743/lib/Middlewares/LwIP/system/OS/sys_arch.o
                0x0000000008000c8c                sys_mbox_free
 .text.sys_mbox_trypost
                0x0000000008000ca0       0x14 build/obj//Users/jared3701/Documents/git_repo/STM32/firmware/stm32H743/lib/Middlewares/LwIP/system/OS/sys_arch.o
                0x0000000008000ca0                sys_mbox_trypost
 .text.sys_arch_mbox_fetch
                0x0000000008000cb4       0x44 build/obj//Users/jared3701/Documents/git_repo/STM32/firmware/stm32H743/lib/Middlewares/LwIP/system/OS/sys_arch.o
                0x0000000008000cb4                sys_arch_mbox_fetch
 .text.sys_arch_mbox_tryfetch
                0x0000000008000cf8       0x22 build/obj//Users/jared3701/Documents/git_repo/STM32/firmware/stm32H743/lib/Middlewares/LwIP/system/OS/sys_arch.o
                0x0000000008000cf8                sys_arch_mbox_tryfetch
 .text.sys_mbox_valid
                0x0000000008000d1a        0xa build/obj//Users/jared3701/Documents/git_repo/STM32/firmware/stm32H743/lib/Middlewares/LwIP/system/OS/sys_arch.o
                0x0000000008000d1a                sys_mbox_valid
 .text.sys_mbox_set_invalid
                0x0000000008000d24        0x6 build/obj//Users/jared3701/Documents/git_repo/STM32/firmware/stm32H743/lib/Middlewares/LwIP/system/OS/sys_arch.o
                0x0000000008000d24                sys_mbox_set_invalid
 .text.sys_sem_new
                0x0000000008000d2a       0x2e build/obj//Users/jared3701/Documents/git_repo/STM32/firmware/stm32H743/lib/Middlewares/LwIP/system/OS/sys_arch.o
                0x0000000008000d2a                sys_sem_new
 .text.sys_arch_sem_wait
                0x0000000008000d58       0x36 build/obj//Users/jared3701/Documents/git_repo/STM32/firmware/stm32H743/lib/Middlewares/LwIP/system/OS/sys_arch.o
                0x0000000008000d58                sys_arch_sem_wait
 .text.sys_sem_signal
                0x0000000008000d8e        0x6 build/obj//Users/jared3701/Documents/git_repo/STM32/firmware/stm32H743/lib/Middlewares/LwIP/system/OS/sys_arch.o
                0x0000000008000d8e                sys_sem_signal
 .text.sys_sem_free
                0x0000000008000d94        0x6 build/obj//Users/jared3701/Documents/git_repo/STM32/firmware/stm32H743/lib/Middlewares/LwIP/system/OS/sys_arch.o
                0x0000000008000d94                sys_sem_free
 .text.sys_sem_valid
                0x0000000008000d9a        0xa build/obj//Users/jared3701/Documents/git_repo/STM32/firmware/stm32H743/lib/Middlewares/LwIP/system/OS/sys_arch.o
                0x0000000008000d9a                sys_sem_valid
 .text.sys_sem_set_invalid
                0x0000000008000da4        0x6 build/obj//Users/jared3701/Documents/git_repo/STM32/firmware/stm32H743/lib/Middlewares/LwIP/system/OS/sys_arch.o
                0x0000000008000da4                sys_sem_set_invalid
 *fill*         0x0000000008000daa        0x2 
 .text.sys_init
                0x0000000008000dac       0x18 build/obj//Users/jared3701/Documents/git_repo/STM32/firmware/stm32H743/lib/Middlewares/LwIP/system/OS/sys_arch.o
                0x0000000008000dac                sys_init
 .text.sys_mutex_new
                0x0000000008000dc4       0x1c build/obj//Users/jared3701/Documents/git_repo/STM32/firmware/stm32H743/lib/Middlewares/LwIP/system/OS/sys_arch.o
                0x0000000008000dc4                sys_mutex_new
 .text.sys_mutex_lock
                0x0000000008000de0        0xa build/obj//Users/jared3701/Documents/git_repo/STM32/firmware/stm32H743/lib/Middlewares/LwIP/system/OS/sys_arch.o
                0x0000000008000de0                sys_mutex_lock
 .text.sys_mutex_unlock
                0x0000000008000dea        0x6 build/obj//Users/jared3701/Documents/git_repo/STM32/firmware/stm32H743/lib/Middlewares/LwIP/system/OS/sys_arch.o
                0x0000000008000dea                sys_mutex_unlock
 .text.sys_thread_new
                0x0000000008000df0       0x20 build/obj//Users/jared3701/Documents/git_repo/STM32/firmware/stm32H743/lib/Middlewares/LwIP/system/OS/sys_arch.o
                0x0000000008000df0                sys_thread_new
 .text.sys_arch_protect
                0x0000000008000e10       0x18 build/obj//Users/jared3701/Documents/git_repo/STM32/firmware/stm32H743/lib/Middlewares/LwIP/system/OS/sys_arch.o
                0x0000000008000e10                sys_arch_protect
 .text.sys_arch_unprotect
                0x0000000008000e28        0xc build/obj//Users/jared3701/Documents/git_repo/STM32/firmware/stm32H743/lib/Middlewares/LwIP/system/OS/sys_arch.o
                0x0000000008000e28                sys_arch_unprotect
 .text.LAN8742_RegisterBusIO
                0x0000000008000e34       0x28 build/obj//Users/jared3701/Documents/git_repo/STM32/firmware/stm32H743/lib/Drivers/BSP/Components/lan8742/lan8742.o
                0x0000000008000e34                LAN8742_RegisterBusIO
 .text.LAN8742_Init
                0x0000000008000e5c       0xc8 build/obj//Users/jared3701/Documents/git_repo/STM32/firmware/stm32H743/lib/Drivers/BSP/Components/lan8742/lan8742.o
                0x0000000008000e5c                LAN8742_Init
 .text.LAN8742_GetLinkState
                0x0000000008000f24       0x94 build/obj//Users/jared3701/Documents/git_repo/STM32/firmware/stm32H743/lib/Drivers/BSP/Components/lan8742/lan8742.o
                0x0000000008000f24                LAN8742_GetLinkState
 .text.HAL_RCC_OscConfig
                0x0000000008000fb8      0x4b8 build/obj//Users/jared3701/Documents/git_repo/STM32/firmware/stm32H743/lib/Drivers/STM32H7xx_HAL_Driver/Src/stm32h7xx_hal_rcc.o
                0x0000000008000fb8                HAL_RCC_OscConfig
 .text.HAL_RCC_GetSysClockFreq
                0x0000000008001470      0x13c build/obj//Users/jared3701/Documents/git_repo/STM32/firmware/stm32H743/lib/Drivers/STM32H7xx_HAL_Driver/Src/stm32h7xx_hal_rcc.o
                0x0000000008001470                HAL_RCC_GetSysClockFreq
 .text.HAL_RCC_ClockConfig
                0x00000000080015ac      0x234 build/obj//Users/jared3701/Documents/git_repo/STM32/firmware/stm32H743/lib/Drivers/STM32H7xx_HAL_Driver/Src/stm32h7xx_hal_rcc.o
                0x00000000080015ac                HAL_RCC_ClockConfig
 .text.HAL_RCC_GetHCLKFreq
                0x00000000080017e0       0x2c build/obj//Users/jared3701/Documents/git_repo/STM32/firmware/stm32H743/lib/Drivers/STM32H7xx_HAL_Driver/Src/stm32h7xx_hal_rcc.o
                0x00000000080017e0                HAL_RCC_GetHCLKFreq
 .text.HAL_RCC_GetPCLK1Freq
                0x000000000800180c       0x24 build/obj//Users/jared3701/Documents/git_repo/STM32/firmware/stm32H743/lib/Drivers/STM32H7xx_HAL_Driver/Src/stm32h7xx_hal_rcc.o
                0x000000000800180c                HAL_RCC_GetPCLK1Freq
 .text.HAL_RCC_GetClockConfig
                0x0000000008001830       0x54 build/obj//Users/jared3701/Documents/git_repo/STM32/firmware/stm32H743/lib/Drivers/STM32H7xx_HAL_Driver/Src/stm32h7xx_hal_rcc.o
                0x0000000008001830                HAL_RCC_GetClockConfig
 .text.HAL_TIMEx_CommutCallback
                0x0000000008001884        0x2 build/obj//Users/jared3701/Documents/git_repo/STM32/firmware/stm32H743/lib/Drivers/STM32H7xx_HAL_Driver/Src/stm32h7xx_hal_tim_ex.o
                0x0000000008001884                HAL_TIMEx_CommutCallback
 .text.HAL_TIMEx_BreakCallback
                0x0000000008001886        0x2 build/obj//Users/jared3701/Documents/git_repo/STM32/firmware/stm32H743/lib/Drivers/STM32H7xx_HAL_Driver/Src/stm32h7xx_hal_tim_ex.o
                0x0000000008001886                HAL_TIMEx_BreakCallback
 .text.HAL_TIMEx_Break2Callback
                0x0000000008001888        0x2 build/obj//Users/jared3701/Documents/git_repo/STM32/firmware/stm32H743/lib/Drivers/STM32H7xx_HAL_Driver/Src/stm32h7xx_hal_tim_ex.o
                0x0000000008001888                HAL_TIMEx_Break2Callback
 *fill*         0x000000000800188a        0x2 
 .text.HAL_GPIO_Init
                0x000000000800188c      0x1d4 build/obj//Users/jared3701/Documents/git_repo/STM32/firmware/stm32H743/lib/Drivers/STM32H7xx_HAL_Driver/Src/stm32h7xx_hal_gpio.o
                0x000000000800188c                HAL_GPIO_Init
 .text.HAL_GPIO_WritePin
                0x0000000008001a60        0xa build/obj//Users/jared3701/Documents/git_repo/STM32/firmware/stm32H743/lib/Drivers/STM32H7xx_HAL_Driver/Src/stm32h7xx_hal_gpio.o
                0x0000000008001a60                HAL_GPIO_WritePin
 *fill*         0x0000000008001a6a        0x2 
 .text.HAL_NVIC_SetPriorityGrouping
                0x0000000008001a6c       0x24 build/obj//Users/jared3701/Documents/git_repo/STM32/firmware/stm32H743/lib/Drivers/STM32H7xx_HAL_Driver/Src/stm32h7xx_hal_cortex.o
                0x0000000008001a6c                HAL_NVIC_SetPriorityGrouping
 .text.HAL_NVIC_SetPriority
                0x0000000008001a90       0x64 build/obj//Users/jared3701/Documents/git_repo/STM32/firmware/stm32H743/lib/Drivers/STM32H7xx_HAL_Driver/Src/stm32h7xx_hal_cortex.o
                0x0000000008001a90                HAL_NVIC_SetPriority
 .text.HAL_NVIC_EnableIRQ
                0x0000000008001af4       0x1c build/obj//Users/jared3701/Documents/git_repo/STM32/firmware/stm32H743/lib/Drivers/STM32H7xx_HAL_Driver/Src/stm32h7xx_hal_cortex.o
                0x0000000008001af4                HAL_NVIC_EnableIRQ
 .text.HAL_MPU_Disable
                0x0000000008001b10       0x20 build/obj//Users/jared3701/Documents/git_repo/STM32/firmware/stm32H743/lib/Drivers/STM32H7xx_HAL_Driver/Src/stm32h7xx_hal_cortex.o
                0x0000000008001b10                HAL_MPU_Disable
 .text.HAL_MPU_Enable
                0x0000000008001b30       0x24 build/obj//Users/jared3701/Documents/git_repo/STM32/firmware/stm32H743/lib/Drivers/STM32H7xx_HAL_Driver/Src/stm32h7xx_hal_cortex.o
                0x0000000008001b30                HAL_MPU_Enable
 .text.HAL_MPU_ConfigRegion
                0x0000000008001b54       0x50 build/obj//Users/jared3701/Documents/git_repo/STM32/firmware/stm32H743/lib/Drivers/STM32H7xx_HAL_Driver/Src/stm32h7xx_hal_cortex.o
                0x0000000008001b54                HAL_MPU_ConfigRegion
 .text.HAL_TIM_Base_MspInit
                0x0000000008001ba4        0x2 build/obj//Users/jared3701/Documents/git_repo/STM32/firmware/stm32H743/lib/Drivers/STM32H7xx_HAL_Driver/Src/stm32h7xx_hal_tim.o
                0x0000000008001ba4                HAL_TIM_Base_MspInit
 *fill*         0x0000000008001ba6        0x2 
 .text.HAL_TIM_Base_Start_IT
                0x0000000008001ba8       0x2c build/obj//Users/jared3701/Documents/git_repo/STM32/firmware/stm32H743/lib/Drivers/STM32H7xx_HAL_Driver/Src/stm32h7xx_hal_tim.o
                0x0000000008001ba8                HAL_TIM_Base_Start_IT
 .text.HAL_TIM_OC_DelayElapsedCallback
                0x0000000008001bd4        0x2 build/obj//Users/jared3701/Documents/git_repo/STM32/firmware/stm32H743/lib/Drivers/STM32H7xx_HAL_Driver/Src/stm32h7xx_hal_tim.o
                0x0000000008001bd4                HAL_TIM_OC_DelayElapsedCallback
 .text.HAL_TIM_IC_CaptureCallback
                0x0000000008001bd6        0x2 build/obj//Users/jared3701/Documents/git_repo/STM32/firmware/stm32H743/lib/Drivers/STM32H7xx_HAL_Driver/Src/stm32h7xx_hal_tim.o
                0x0000000008001bd6                HAL_TIM_IC_CaptureCallback
 .text.HAL_TIM_PWM_PulseFinishedCallback
                0x0000000008001bd8        0x2 build/obj//Users/jared3701/Documents/git_repo/STM32/firmware/stm32H743/lib/Drivers/STM32H7xx_HAL_Driver/Src/stm32h7xx_hal_tim.o
                0x0000000008001bd8                HAL_TIM_PWM_PulseFinishedCallback
 .text.HAL_TIM_TriggerCallback
                0x0000000008001bda        0x2 build/obj//Users/jared3701/Documents/git_repo/STM32/firmware/stm32H743/lib/Drivers/STM32H7xx_HAL_Driver/Src/stm32h7xx_hal_tim.o
                0x0000000008001bda                HAL_TIM_TriggerCallback
 .text.HAL_TIM_IRQHandler
                0x0000000008001bdc      0x160 build/obj//Users/jared3701/Documents/git_repo/STM32/firmware/stm32H743/lib/Drivers/STM32H7xx_HAL_Driver/Src/stm32h7xx_hal_tim.o
                0x0000000008001bdc                HAL_TIM_IRQHandler
 .text.TIM_Base_SetConfig
                0x0000000008001d3c       0xcc build/obj//Users/jared3701/Documents/git_repo/STM32/firmware/stm32H743/lib/Drivers/STM32H7xx_HAL_Driver/Src/stm32h7xx_hal_tim.o
                0x0000000008001d3c                TIM_Base_SetConfig
 .text.HAL_TIM_Base_Init
                0x0000000008001e08       0x34 build/obj//Users/jared3701/Documents/git_repo/STM32/firmware/stm32H743/lib/Drivers/STM32H7xx_HAL_Driver/Src/stm32h7xx_hal_tim.o
                0x0000000008001e08                HAL_TIM_Base_Init
 .text.HAL_RCCEx_GetD1SysClockFreq
                0x0000000008001e3c       0x2c build/obj//Users/jared3701/Documents/git_repo/STM32/firmware/stm32H743/lib/Drivers/STM32H7xx_HAL_Driver/Src/stm32h7xx_hal_rcc_ex.o
                0x0000000008001e3c                HAL_RCCEx_GetD1SysClockFreq
 .text.ETH_SetMACConfig
                0x0000000008001e68      0x1ba build/obj//Users/jared3701/Documents/git_repo/STM32/firmware/stm32H743/lib/Drivers/STM32H7xx_HAL_Driver/Src/stm32h7xx_hal_eth.o
 *fill*         0x0000000008002022        0x2 
 .text.ETH_SetDMAConfig
                0x0000000008002024       0x90 build/obj//Users/jared3701/Documents/git_repo/STM32/firmware/stm32H743/lib/Drivers/STM32H7xx_HAL_Driver/Src/stm32h7xx_hal_eth.o
 .text.ETH_Prepare_Tx_Descriptors
                0x00000000080020b4      0x2e8 build/obj//Users/jared3701/Documents/git_repo/STM32/firmware/stm32H743/lib/Drivers/STM32H7xx_HAL_Driver/Src/stm32h7xx_hal_eth.o
 .text.HAL_ETH_DescAssignMemory
                0x000000000800239c       0x3a build/obj//Users/jared3701/Documents/git_repo/STM32/firmware/stm32H743/lib/Drivers/STM32H7xx_HAL_Driver/Src/stm32h7xx_hal_eth.o
                0x000000000800239c                HAL_ETH_DescAssignMemory
 .text.HAL_ETH_Start_IT
                0x00000000080023d6       0x94 build/obj//Users/jared3701/Documents/git_repo/STM32/firmware/stm32H743/lib/Drivers/STM32H7xx_HAL_Driver/Src/stm32h7xx_hal_eth.o
                0x00000000080023d6                HAL_ETH_Start_IT
 .text.HAL_ETH_Stop_IT
                0x000000000800246a       0x72 build/obj//Users/jared3701/Documents/git_repo/STM32/firmware/stm32H743/lib/Drivers/STM32H7xx_HAL_Driver/Src/stm32h7xx_hal_eth.o
                0x000000000800246a                HAL_ETH_Stop_IT
 .text.HAL_ETH_Transmit
                0x00000000080024dc       0x9e build/obj//Users/jared3701/Documents/git_repo/STM32/firmware/stm32H743/lib/Drivers/STM32H7xx_HAL_Driver/Src/stm32h7xx_hal_eth.o
                0x00000000080024dc                HAL_ETH_Transmit
 .text.HAL_ETH_IsRxDataAvailable
                0x000000000800257a       0xe8 build/obj//Users/jared3701/Documents/git_repo/STM32/firmware/stm32H743/lib/Drivers/STM32H7xx_HAL_Driver/Src/stm32h7xx_hal_eth.o
                0x000000000800257a                HAL_ETH_IsRxDataAvailable
 .text.HAL_ETH_GetRxDataBuffer
                0x0000000008002662       0x8e build/obj//Users/jared3701/Documents/git_repo/STM32/firmware/stm32H743/lib/Drivers/STM32H7xx_HAL_Driver/Src/stm32h7xx_hal_eth.o
                0x0000000008002662                HAL_ETH_GetRxDataBuffer
 .text.HAL_ETH_GetRxDataLength
                0x00000000080026f0       0x38 build/obj//Users/jared3701/Documents/git_repo/STM32/firmware/stm32H743/lib/Drivers/STM32H7xx_HAL_Driver/Src/stm32h7xx_hal_eth.o
                0x00000000080026f0                HAL_ETH_GetRxDataLength
 .text.HAL_ETH_BuildRxDescriptors
                0x0000000008002728       0x7c build/obj//Users/jared3701/Documents/git_repo/STM32/firmware/stm32H743/lib/Drivers/STM32H7xx_HAL_Driver/Src/stm32h7xx_hal_eth.o
                0x0000000008002728                HAL_ETH_BuildRxDescriptors
 .text.HAL_ETH_TxCpltCallback
                0x00000000080027a4        0x2 build/obj//Users/jared3701/Documents/git_repo/STM32/firmware/stm32H743/lib/Drivers/STM32H7xx_HAL_Driver/Src/stm32h7xx_hal_eth.o
                0x00000000080027a4                HAL_ETH_TxCpltCallback
 .text.HAL_ETH_DMAErrorCallback
                0x00000000080027a6        0x2 build/obj//Users/jared3701/Documents/git_repo/STM32/firmware/stm32H743/lib/Drivers/STM32H7xx_HAL_Driver/Src/stm32h7xx_hal_eth.o
                0x00000000080027a6                HAL_ETH_DMAErrorCallback
 .text.HAL_ETH_MACErrorCallback
                0x00000000080027a8        0x2 build/obj//Users/jared3701/Documents/git_repo/STM32/firmware/stm32H743/lib/Drivers/STM32H7xx_HAL_Driver/Src/stm32h7xx_hal_eth.o
                0x00000000080027a8                HAL_ETH_MACErrorCallback
 .text.HAL_ETH_PMTCallback
                0x00000000080027aa        0x2 build/obj//Users/jared3701/Documents/git_repo/STM32/firmware/stm32H743/lib/Drivers/STM32H7xx_HAL_Driver/Src/stm32h7xx_hal_eth.o
                0x00000000080027aa                HAL_ETH_PMTCallback
 .text.HAL_ETH_EEECallback
                0x00000000080027ac        0x2 build/obj//Users/jared3701/Documents/git_repo/STM32/firmware/stm32H743/lib/Drivers/STM32H7xx_HAL_Driver/Src/stm32h7xx_hal_eth.o
                0x00000000080027ac                HAL_ETH_EEECallback
 .text.HAL_ETH_WakeUpCallback
                0x00000000080027ae        0x2 build/obj//Users/jared3701/Documents/git_repo/STM32/firmware/stm32H743/lib/Drivers/STM32H7xx_HAL_Driver/Src/stm32h7xx_hal_eth.o
                0x00000000080027ae                HAL_ETH_WakeUpCallback
 .text.HAL_ETH_IRQHandler
                0x00000000080027b0      0x124 build/obj//Users/jared3701/Documents/git_repo/STM32/firmware/stm32H743/lib/Drivers/STM32H7xx_HAL_Driver/Src/stm32h7xx_hal_eth.o
                0x00000000080027b0                HAL_ETH_IRQHandler
 .text.HAL_ETH_ReadPHYRegister
                0x00000000080028d4       0x5a build/obj//Users/jared3701/Documents/git_repo/STM32/firmware/stm32H743/lib/Drivers/STM32H7xx_HAL_Driver/Src/stm32h7xx_hal_eth.o
                0x00000000080028d4                HAL_ETH_ReadPHYRegister
 *fill*         0x000000000800292e        0x2 
 .text.HAL_ETH_WritePHYRegister
                0x0000000008002930       0x60 build/obj//Users/jared3701/Documents/git_repo/STM32/firmware/stm32H743/lib/Drivers/STM32H7xx_HAL_Driver/Src/stm32h7xx_hal_eth.o
                0x0000000008002930                HAL_ETH_WritePHYRegister
 .text.HAL_ETH_GetMACConfig
                0x0000000008002990      0x18c build/obj//Users/jared3701/Documents/git_repo/STM32/firmware/stm32H743/lib/Drivers/STM32H7xx_HAL_Driver/Src/stm32h7xx_hal_eth.o
                0x0000000008002990                HAL_ETH_GetMACConfig
 .text.HAL_ETH_SetMACConfig
                0x0000000008002b1c       0x16 build/obj//Users/jared3701/Documents/git_repo/STM32/firmware/stm32H743/lib/Drivers/STM32H7xx_HAL_Driver/Src/stm32h7xx_hal_eth.o
                0x0000000008002b1c                HAL_ETH_SetMACConfig
 *fill*         0x0000000008002b32        0x2 
 .text.HAL_ETH_SetMDIOClockRange
                0x0000000008002b34       0x78 build/obj//Users/jared3701/Documents/git_repo/STM32/firmware/stm32H743/lib/Drivers/STM32H7xx_HAL_Driver/Src/stm32h7xx_hal_eth.o
                0x0000000008002b34                HAL_ETH_SetMDIOClockRange
 .text.HAL_ETH_Init
                0x0000000008002bac      0x214 build/obj//Users/jared3701/Documents/git_repo/STM32/firmware/stm32H743/lib/Drivers/STM32H7xx_HAL_Driver/Src/stm32h7xx_hal_eth.o
                0x0000000008002bac                HAL_ETH_Init
 .text.HAL_MspInit
                0x0000000008002dc0        0x2 build/obj//Users/jared3701/Documents/git_repo/STM32/firmware/stm32H743/lib/Drivers/STM32H7xx_HAL_Driver/Src/stm32h7xx_hal.o
                0x0000000008002dc0                HAL_MspInit
 *fill*         0x0000000008002dc2        0x2 
 .text.HAL_Init
                0x0000000008002dc4       0x5c build/obj//Users/jared3701/Documents/git_repo/STM32/firmware/stm32H743/lib/Drivers/STM32H7xx_HAL_Driver/Src/stm32h7xx_hal.o
                0x0000000008002dc4                HAL_Init
 .text.HAL_IncTick
                0x0000000008002e20       0x18 build/obj//Users/jared3701/Documents/git_repo/STM32/firmware/stm32H743/lib/Drivers/STM32H7xx_HAL_Driver/Src/stm32h7xx_hal.o
                0x0000000008002e20                HAL_IncTick
 .text.HAL_GetTick
                0x0000000008002e38        0xc build/obj//Users/jared3701/Documents/git_repo/STM32/firmware/stm32H743/lib/Drivers/STM32H7xx_HAL_Driver/Src/stm32h7xx_hal.o
                0x0000000008002e38                HAL_GetTick
 .text.HAL_GetREVID
                0x0000000008002e44        0xc build/obj//Users/jared3701/Documents/git_repo/STM32/firmware/stm32H743/lib/Drivers/STM32H7xx_HAL_Driver/Src/stm32h7xx_hal.o
                0x0000000008002e44                HAL_GetREVID
 .text.HAL_SYSCFG_ETHInterfaceSelect
                0x0000000008002e50       0x14 build/obj//Users/jared3701/Documents/git_repo/STM32/firmware/stm32H743/lib/Drivers/STM32H7xx_HAL_Driver/Src/stm32h7xx_hal.o
                0x0000000008002e50                HAL_SYSCFG_ETHInterfaceSelect
 .text.HAL_PWREx_ConfigSupply
                0x0000000008002e64       0x4c build/obj//Users/jared3701/Documents/git_repo/STM32/firmware/stm32H743/lib/Drivers/STM32H7xx_HAL_Driver/Src/stm32h7xx_hal_pwr_ex.o
                0x0000000008002e64                HAL_PWREx_ConfigSupply
 .text.fs_open  0x0000000008002eb0       0x40 build/obj//Users/jared3701/Documents/git_repo/STM32/firmware/stm32H743/lib/Middlewares/LwIP/src/apps/httpd/fs.o
                0x0000000008002eb0                fs_open
 .text.fs_close
                0x0000000008002ef0        0x2 build/obj//Users/jared3701/Documents/git_repo/STM32/firmware/stm32H743/lib/Middlewares/LwIP/src/apps/httpd/fs.o
                0x0000000008002ef0                fs_close
 *fill*         0x0000000008002ef2        0x2 
 .text.ip4_route
                0x0000000008002ef4       0x58 build/obj//Users/jared3701/Documents/git_repo/STM32/firmware/stm32H743/lib/Middlewares/LwIP/src/core/ipv4/ip4.o
                0x0000000008002ef4                ip4_route
 .text.ip4_input
                0x0000000008002f4c      0x19c build/obj//Users/jared3701/Documents/git_repo/STM32/firmware/stm32H743/lib/Middlewares/LwIP/src/core/ipv4/ip4.o
                0x0000000008002f4c                ip4_input
 .text.ip4_output_if_src
                0x00000000080030e8       0xf0 build/obj//Users/jared3701/Documents/git_repo/STM32/firmware/stm32H743/lib/Middlewares/LwIP/src/core/ipv4/ip4.o
                0x00000000080030e8                ip4_output_if_src
 .text.ip4_output_if
                0x00000000080031d8       0x22 build/obj//Users/jared3701/Documents/git_repo/STM32/firmware/stm32H743/lib/Middlewares/LwIP/src/core/ipv4/ip4.o
                0x00000000080031d8                ip4_output_if
 *fill*         0x00000000080031fa        0x2 
 .text.ip_reass_dequeue_datagram
                0x00000000080031fc       0x44 build/obj//Users/jared3701/Documents/git_repo/STM32/firmware/stm32H743/lib/Middlewares/LwIP/src/core/ipv4/ip4_frag.o
 .text.ip_reass_free_complete_datagram
                0x0000000008003240       0xe8 build/obj//Users/jared3701/Documents/git_repo/STM32/firmware/stm32H743/lib/Middlewares/LwIP/src/core/ipv4/ip4_frag.o
 .text.ip_reass_remove_oldest_datagram
                0x0000000008003328       0x78 build/obj//Users/jared3701/Documents/git_repo/STM32/firmware/stm32H743/lib/Middlewares/LwIP/src/core/ipv4/ip4_frag.o
 .text.ip_frag_free_pbuf_custom_ref
                0x00000000080033a0       0x2c build/obj//Users/jared3701/Documents/git_repo/STM32/firmware/stm32H743/lib/Middlewares/LwIP/src/core/ipv4/ip4_frag.o
 .text.ipfrag_free_pbuf_custom
                0x00000000080033cc       0x34 build/obj//Users/jared3701/Documents/git_repo/STM32/firmware/stm32H743/lib/Middlewares/LwIP/src/core/ipv4/ip4_frag.o
 .text.ip_reass_tmr
                0x0000000008003400       0x2c build/obj//Users/jared3701/Documents/git_repo/STM32/firmware/stm32H743/lib/Middlewares/LwIP/src/core/ipv4/ip4_frag.o
                0x0000000008003400                ip_reass_tmr
 .text.ip4_reass
                0x000000000800342c      0x354 build/obj//Users/jared3701/Documents/git_repo/STM32/firmware/stm32H743/lib/Middlewares/LwIP/src/core/ipv4/ip4_frag.o
                0x000000000800342c                ip4_reass
 .text.ip4_frag
                0x0000000008003780      0x1b8 build/obj//Users/jared3701/Documents/git_repo/STM32/firmware/stm32H743/lib/Middlewares/LwIP/src/core/ipv4/ip4_frag.o
                0x0000000008003780                ip4_frag
 .text.etharp_free_entry
                0x0000000008003938       0x28 build/obj//Users/jared3701/Documents/git_repo/STM32/firmware/stm32H743/lib/Middlewares/LwIP/src/core/ipv4/etharp.o
 .text.etharp_raw
                0x0000000008003960       0xd8 build/obj//Users/jared3701/Documents/git_repo/STM32/firmware/stm32H743/lib/Middlewares/LwIP/src/core/ipv4/etharp.o
 .text.etharp_find_entry.isra.0
                0x0000000008003a38      0x110 build/obj//Users/jared3701/Documents/git_repo/STM32/firmware/stm32H743/lib/Middlewares/LwIP/src/core/ipv4/etharp.o
 .text.etharp_cleanup_netif
                0x0000000008003b48       0x28 build/obj//Users/jared3701/Documents/git_repo/STM32/firmware/stm32H743/lib/Middlewares/LwIP/src/core/ipv4/etharp.o
                0x0000000008003b48                etharp_cleanup_netif
 .text.etharp_input
                0x0000000008003b70      0x148 build/obj//Users/jared3701/Documents/git_repo/STM32/firmware/stm32H743/lib/Middlewares/LwIP/src/core/ipv4/etharp.o
                0x0000000008003b70                etharp_input
 .text.etharp_request
                0x0000000008003cb8       0x2c build/obj//Users/jared3701/Documents/git_repo/STM32/firmware/stm32H743/lib/Middlewares/LwIP/src/core/ipv4/etharp.o
                0x0000000008003cb8                etharp_request
 .text.etharp_tmr
                0x0000000008003ce4       0x54 build/obj//Users/jared3701/Documents/git_repo/STM32/firmware/stm32H743/lib/Middlewares/LwIP/src/core/ipv4/etharp.o
                0x0000000008003ce4                etharp_tmr
 .text.etharp_output_to_arp_index
                0x0000000008003d38       0xb0 build/obj//Users/jared3701/Documents/git_repo/STM32/firmware/stm32H743/lib/Middlewares/LwIP/src/core/ipv4/etharp.o
 .text.etharp_query
                0x0000000008003de8      0x12c build/obj//Users/jared3701/Documents/git_repo/STM32/firmware/stm32H743/lib/Middlewares/LwIP/src/core/ipv4/etharp.o
                0x0000000008003de8                etharp_query
 .text.etharp_output
                0x0000000008003f14      0x124 build/obj//Users/jared3701/Documents/git_repo/STM32/firmware/stm32H743/lib/Middlewares/LwIP/src/core/ipv4/etharp.o
                0x0000000008003f14                etharp_output
 .text.icmp_send_response.isra.0
                0x0000000008004038       0xa0 build/obj//Users/jared3701/Documents/git_repo/STM32/firmware/stm32H743/lib/Middlewares/LwIP/src/core/ipv4/icmp.o
 .text.icmp_input
                0x00000000080040d8      0x140 build/obj//Users/jared3701/Documents/git_repo/STM32/firmware/stm32H743/lib/Middlewares/LwIP/src/core/ipv4/icmp.o
                0x00000000080040d8                icmp_input
 .text.icmp_dest_unreach
                0x0000000008004218        0xa build/obj//Users/jared3701/Documents/git_repo/STM32/firmware/stm32H743/lib/Middlewares/LwIP/src/core/ipv4/icmp.o
                0x0000000008004218                icmp_dest_unreach
 .text.icmp_time_exceeded
                0x0000000008004222        0xa build/obj//Users/jared3701/Documents/git_repo/STM32/firmware/stm32H743/lib/Middlewares/LwIP/src/core/ipv4/icmp.o
                0x0000000008004222                icmp_time_exceeded
 .text.ip4_addr_isbroadcast_u32
                0x000000000800422c       0x34 build/obj//Users/jared3701/Documents/git_repo/STM32/firmware/stm32H743/lib/Middlewares/LwIP/src/core/ipv4/ip4_addr.o
                0x000000000800422c                ip4_addr_isbroadcast_u32
 .text.dhcp_set_state
                0x0000000008004260       0x10 build/obj//Users/jared3701/Documents/git_repo/STM32/firmware/stm32H743/lib/Middlewares/LwIP/src/core/ipv4/dhcp.o
 .text.dhcp_option_short
                0x0000000008004270       0x44 build/obj//Users/jared3701/Documents/git_repo/STM32/firmware/stm32H743/lib/Middlewares/LwIP/src/core/ipv4/dhcp.o
 .text.dhcp_option
                0x00000000080042b4       0x48 build/obj//Users/jared3701/Documents/git_repo/STM32/firmware/stm32H743/lib/Middlewares/LwIP/src/core/ipv4/dhcp.o
 .text.dhcp_option_byte
                0x00000000080042fc       0x38 build/obj//Users/jared3701/Documents/git_repo/STM32/firmware/stm32H743/lib/Middlewares/LwIP/src/core/ipv4/dhcp.o
 .text.dhcp_option_long
                0x0000000008004334       0x5c build/obj//Users/jared3701/Documents/git_repo/STM32/firmware/stm32H743/lib/Middlewares/LwIP/src/core/ipv4/dhcp.o
 .text.dhcp_create_msg
                0x0000000008004390      0x1bc build/obj//Users/jared3701/Documents/git_repo/STM32/firmware/stm32H743/lib/Middlewares/LwIP/src/core/ipv4/dhcp.o
 .text.dhcp_check
                0x000000000800454c       0x2a build/obj//Users/jared3701/Documents/git_repo/STM32/firmware/stm32H743/lib/Middlewares/LwIP/src/core/ipv4/dhcp.o
 *fill*         0x0000000008004576        0x2 
 .text.dhcp_bind
                0x0000000008004578      0x10c build/obj//Users/jared3701/Documents/git_repo/STM32/firmware/stm32H743/lib/Middlewares/LwIP/src/core/ipv4/dhcp.o
 .text.dhcp_inc_pcb_refcount
                0x0000000008004684       0x74 build/obj//Users/jared3701/Documents/git_repo/STM32/firmware/stm32H743/lib/Middlewares/LwIP/src/core/ipv4/dhcp.o
 .text.dhcp_option_trailer
                0x00000000080046f8       0x78 build/obj//Users/jared3701/Documents/git_repo/STM32/firmware/stm32H743/lib/Middlewares/LwIP/src/core/ipv4/dhcp.o
 .text.dhcp_handle_ack.isra.1
                0x0000000008004770       0x6c build/obj//Users/jared3701/Documents/git_repo/STM32/firmware/stm32H743/lib/Middlewares/LwIP/src/core/ipv4/dhcp.o
 .text.dhcp_delete_msg
                0x00000000080047dc       0x60 build/obj//Users/jared3701/Documents/git_repo/STM32/firmware/stm32H743/lib/Middlewares/LwIP/src/core/ipv4/dhcp.o
 .text.dhcp_discover
                0x000000000800483c       0xc0 build/obj//Users/jared3701/Documents/git_repo/STM32/firmware/stm32H743/lib/Middlewares/LwIP/src/core/ipv4/dhcp.o
 .text.dhcp_select
                0x00000000080048fc       0xec build/obj//Users/jared3701/Documents/git_repo/STM32/firmware/stm32H743/lib/Middlewares/LwIP/src/core/ipv4/dhcp.o
 .text.dhcp_reboot
                0x00000000080049e8       0xd4 build/obj//Users/jared3701/Documents/git_repo/STM32/firmware/stm32H743/lib/Middlewares/LwIP/src/core/ipv4/dhcp.o
 .text.dhcp_dec_pcb_refcount
                0x0000000008004abc       0x40 build/obj//Users/jared3701/Documents/git_repo/STM32/firmware/stm32H743/lib/Middlewares/LwIP/src/core/ipv4/dhcp.o
 .text.dhcp_recv
                0x0000000008004afc      0x3c4 build/obj//Users/jared3701/Documents/git_repo/STM32/firmware/stm32H743/lib/Middlewares/LwIP/src/core/ipv4/dhcp.o
 .text.dhcp_network_changed
                0x0000000008004ec0       0x2c build/obj//Users/jared3701/Documents/git_repo/STM32/firmware/stm32H743/lib/Middlewares/LwIP/src/core/ipv4/dhcp.o
                0x0000000008004ec0                dhcp_network_changed
 .text.dhcp_arp_reply
                0x0000000008004eec       0xb0 build/obj//Users/jared3701/Documents/git_repo/STM32/firmware/stm32H743/lib/Middlewares/LwIP/src/core/ipv4/dhcp.o
                0x0000000008004eec                dhcp_arp_reply
 .text.dhcp_renew
                0x0000000008004f9c       0xb4 build/obj//Users/jared3701/Documents/git_repo/STM32/firmware/stm32H743/lib/Middlewares/LwIP/src/core/ipv4/dhcp.o
                0x0000000008004f9c                dhcp_renew
 .text.dhcp_stop
                0x0000000008005050       0x54 build/obj//Users/jared3701/Documents/git_repo/STM32/firmware/stm32H743/lib/Middlewares/LwIP/src/core/ipv4/dhcp.o
                0x0000000008005050                dhcp_stop
 .text.dhcp_start
                0x00000000080050a4       0xbc build/obj//Users/jared3701/Documents/git_repo/STM32/firmware/stm32H743/lib/Middlewares/LwIP/src/core/ipv4/dhcp.o
                0x00000000080050a4                dhcp_start
 .text.dhcp_supplied_address
                0x0000000008005160       0x1e build/obj//Users/jared3701/Documents/git_repo/STM32/firmware/stm32H743/lib/Middlewares/LwIP/src/core/ipv4/dhcp.o
                0x0000000008005160                dhcp_supplied_address
 *fill*         0x000000000800517e        0x2 
 .text.dhcp_release
                0x0000000008005180       0xa0 build/obj//Users/jared3701/Documents/git_repo/STM32/firmware/stm32H743/lib/Middlewares/LwIP/src/core/ipv4/dhcp.o
                0x0000000008005180                dhcp_release
 .text.dhcp_coarse_tmr
                0x0000000008005220      0x154 build/obj//Users/jared3701/Documents/git_repo/STM32/firmware/stm32H743/lib/Middlewares/LwIP/src/core/ipv4/dhcp.o
                0x0000000008005220                dhcp_coarse_tmr
 .text.dhcp_fine_tmr
                0x0000000008005374       0x7c build/obj//Users/jared3701/Documents/git_repo/STM32/firmware/stm32H743/lib/Middlewares/LwIP/src/core/ipv4/dhcp.o
                0x0000000008005374                dhcp_fine_tmr
 .text.tcpip_thread
                0x00000000080053f0       0x98 build/obj//Users/jared3701/Documents/git_repo/STM32/firmware/stm32H743/lib/Middlewares/LwIP/src/api/tcpip.o
 .text.tcpip_inpkt
                0x0000000008005488       0x58 build/obj//Users/jared3701/Documents/git_repo/STM32/firmware/stm32H743/lib/Middlewares/LwIP/src/api/tcpip.o
                0x0000000008005488                tcpip_inpkt
 .text.tcpip_input
                0x00000000080054e0       0x1c build/obj//Users/jared3701/Documents/git_repo/STM32/firmware/stm32H743/lib/Middlewares/LwIP/src/api/tcpip.o
                0x00000000080054e0                tcpip_input
 .text.tcpip_send_msg_wait_sem
                0x00000000080054fc       0x20 build/obj//Users/jared3701/Documents/git_repo/STM32/firmware/stm32H743/lib/Middlewares/LwIP/src/api/tcpip.o
                0x00000000080054fc                tcpip_send_msg_wait_sem
 .text.tcpip_init
                0x000000000800551c       0x80 build/obj//Users/jared3701/Documents/git_repo/STM32/firmware/stm32H743/lib/Middlewares/LwIP/src/api/tcpip.o
                0x000000000800551c                tcpip_init
 .text.netbuf_delete
                0x000000000800559c       0x22 build/obj//Users/jared3701/Documents/git_repo/STM32/firmware/stm32H743/lib/Middlewares/LwIP/src/api/netbuf.o
                0x000000000800559c                netbuf_delete
 *fill*         0x00000000080055be        0x2 
 .text.netbuf_data
                0x00000000080055c0       0x58 build/obj//Users/jared3701/Documents/git_repo/STM32/firmware/stm32H743/lib/Middlewares/LwIP/src/api/netbuf.o
                0x00000000080055c0                netbuf_data
 .text.netconn_apimsg
                0x0000000008005618       0x14 build/obj//Users/jared3701/Documents/git_repo/STM32/firmware/stm32H743/lib/Middlewares/LwIP/src/api/api_lib.o
 .text.netconn_close_shutdown
                0x000000000800562c       0x44 build/obj//Users/jared3701/Documents/git_repo/STM32/firmware/stm32H743/lib/Middlewares/LwIP/src/api/api_lib.o
 .text.netconn_recv_data
                0x0000000008005670      0x124 build/obj//Users/jared3701/Documents/git_repo/STM32/firmware/stm32H743/lib/Middlewares/LwIP/src/api/api_lib.o
 .text.netconn_new_with_proto_and_callback
                0x0000000008005794       0xb4 build/obj//Users/jared3701/Documents/git_repo/STM32/firmware/stm32H743/lib/Middlewares/LwIP/src/api/api_lib.o
                0x0000000008005794                netconn_new_with_proto_and_callback
 .text.netconn_delete
                0x0000000008005848       0x30 build/obj//Users/jared3701/Documents/git_repo/STM32/firmware/stm32H743/lib/Middlewares/LwIP/src/api/api_lib.o
                0x0000000008005848                netconn_delete
 .text.netconn_bind
                0x0000000008005878       0x48 build/obj//Users/jared3701/Documents/git_repo/STM32/firmware/stm32H743/lib/Middlewares/LwIP/src/api/api_lib.o
                0x0000000008005878                netconn_bind
 .text.netconn_listen_with_backlog
                0x00000000080058c0       0x38 build/obj//Users/jared3701/Documents/git_repo/STM32/firmware/stm32H743/lib/Middlewares/LwIP/src/api/api_lib.o
                0x00000000080058c0                netconn_listen_with_backlog
 .text.netconn_accept
                0x00000000080058f8       0xa0 build/obj//Users/jared3701/Documents/git_repo/STM32/firmware/stm32H743/lib/Middlewares/LwIP/src/api/api_lib.o
                0x00000000080058f8                netconn_accept
 .text.netconn_recv
                0x0000000008005998       0xa0 build/obj//Users/jared3701/Documents/git_repo/STM32/firmware/stm32H743/lib/Middlewares/LwIP/src/api/api_lib.o
                0x0000000008005998                netconn_recv
 .text.netconn_write_partly
                0x0000000008005a38       0x94 build/obj//Users/jared3701/Documents/git_repo/STM32/firmware/stm32H743/lib/Middlewares/LwIP/src/api/api_lib.o
                0x0000000008005a38                netconn_write_partly
 .text.netconn_close
                0x0000000008005acc        0x6 build/obj//Users/jared3701/Documents/git_repo/STM32/firmware/stm32H743/lib/Middlewares/LwIP/src/api/api_lib.o
                0x0000000008005acc                netconn_close
 *fill*         0x0000000008005ad2        0x2 
 .text.recv_udp
                0x0000000008005ad4       0xb0 build/obj//Users/jared3701/Documents/git_repo/STM32/firmware/stm32H743/lib/Middlewares/LwIP/src/api/api_msg.o
 .text.setup_tcp
                0x0000000008005b84       0x44 build/obj//Users/jared3701/Documents/git_repo/STM32/firmware/stm32H743/lib/Middlewares/LwIP/src/api/api_msg.o
 .text.err_tcp  0x0000000008005bc8      0x128 build/obj//Users/jared3701/Documents/git_repo/STM32/firmware/stm32H743/lib/Middlewares/LwIP/src/api/api_msg.o
 .text.lwip_netconn_do_writemore
                0x0000000008005cf0      0x1e0 build/obj//Users/jared3701/Documents/git_repo/STM32/firmware/stm32H743/lib/Middlewares/LwIP/src/api/api_msg.o
 .text.lwip_netconn_do_close_internal
                0x0000000008005ed0      0x1fc build/obj//Users/jared3701/Documents/git_repo/STM32/firmware/stm32H743/lib/Middlewares/LwIP/src/api/api_msg.o
 .text.poll_tcp
                0x00000000080060cc       0x7c build/obj//Users/jared3701/Documents/git_repo/STM32/firmware/stm32H743/lib/Middlewares/LwIP/src/api/api_msg.o
 .text.recv_tcp
                0x0000000008006148       0xc4 build/obj//Users/jared3701/Documents/git_repo/STM32/firmware/stm32H743/lib/Middlewares/LwIP/src/api/api_msg.o
 .text.sent_tcp
                0x000000000800620c       0x70 build/obj//Users/jared3701/Documents/git_repo/STM32/firmware/stm32H743/lib/Middlewares/LwIP/src/api/api_msg.o
 .text.lwip_netconn_do_newconn
                0x000000000800627c       0x78 build/obj//Users/jared3701/Documents/git_repo/STM32/firmware/stm32H743/lib/Middlewares/LwIP/src/api/api_msg.o
                0x000000000800627c                lwip_netconn_do_newconn
 .text.netconn_alloc
                0x00000000080062f4       0x88 build/obj//Users/jared3701/Documents/git_repo/STM32/firmware/stm32H743/lib/Middlewares/LwIP/src/api/api_msg.o
                0x00000000080062f4                netconn_alloc
 .text.netconn_free
                0x000000000800637c       0x78 build/obj//Users/jared3701/Documents/git_repo/STM32/firmware/stm32H743/lib/Middlewares/LwIP/src/api/api_msg.o
                0x000000000800637c                netconn_free
 .text.netconn_drain
                0x00000000080063f4       0xa0 build/obj//Users/jared3701/Documents/git_repo/STM32/firmware/stm32H743/lib/Middlewares/LwIP/src/api/api_msg.o
 .text.accept_function
                0x0000000008006494       0xdc build/obj//Users/jared3701/Documents/git_repo/STM32/firmware/stm32H743/lib/Middlewares/LwIP/src/api/api_msg.o
 .text.lwip_netconn_do_delconn
                0x0000000008006570      0x130 build/obj//Users/jared3701/Documents/git_repo/STM32/firmware/stm32H743/lib/Middlewares/LwIP/src/api/api_msg.o
                0x0000000008006570                lwip_netconn_do_delconn
 .text.lwip_netconn_do_bind
                0x00000000080066a0       0x60 build/obj//Users/jared3701/Documents/git_repo/STM32/firmware/stm32H743/lib/Middlewares/LwIP/src/api/api_msg.o
                0x00000000080066a0                lwip_netconn_do_bind
 .text.lwip_netconn_do_listen
                0x0000000008006700       0xe0 build/obj//Users/jared3701/Documents/git_repo/STM32/firmware/stm32H743/lib/Middlewares/LwIP/src/api/api_msg.o
                0x0000000008006700                lwip_netconn_do_listen
 .text.lwip_netconn_do_recv
                0x00000000080067e0       0x58 build/obj//Users/jared3701/Documents/git_repo/STM32/firmware/stm32H743/lib/Middlewares/LwIP/src/api/api_msg.o
                0x00000000080067e0                lwip_netconn_do_recv
 .text.lwip_netconn_do_write
                0x0000000008006838       0xe8 build/obj//Users/jared3701/Documents/git_repo/STM32/firmware/stm32H743/lib/Middlewares/LwIP/src/api/api_msg.o
                0x0000000008006838                lwip_netconn_do_write
 .text.lwip_netconn_do_close
                0x0000000008006920       0xd4 build/obj//Users/jared3701/Documents/git_repo/STM32/firmware/stm32H743/lib/Middlewares/LwIP/src/api/api_msg.o
                0x0000000008006920                lwip_netconn_do_close
 .text.BSP_LED_Init
                0x00000000080069f4       0x78 build/obj//Users/jared3701/Documents/git_repo/STM32/firmware/stm32H743/lib/Drivers/BSP/STM32H7xx_Nucleo_144/stm32h7xx_nucleo_144.o
                0x00000000080069f4                BSP_LED_Init
 .text.BSP_LED_On
                0x0000000008006a6c       0x1c build/obj//Users/jared3701/Documents/git_repo/STM32/firmware/stm32H743/lib/Drivers/BSP/STM32H7xx_Nucleo_144/stm32h7xx_nucleo_144.o
                0x0000000008006a6c                BSP_LED_On
 .text.BSP_LED_Off
                0x0000000008006a88       0x1c build/obj//Users/jared3701/Documents/git_repo/STM32/firmware/stm32H743/lib/Drivers/BSP/STM32H7xx_Nucleo_144/stm32h7xx_nucleo_144.o
                0x0000000008006a88                BSP_LED_Off
 .text.prvIsQueueEmpty
                0x0000000008006aa4       0x16 build/obj//Users/jared3701/Documents/git_repo/STM32/firmware/stm32H743/lib/Middlewares/FreeRTOS/Source/queue.o
 .text.prvCopyDataToQueue
                0x0000000008006aba       0x6a build/obj//Users/jared3701/Documents/git_repo/STM32/firmware/stm32H743/lib/Middlewares/FreeRTOS/Source/queue.o
 .text.prvCopyDataFromQueue
                0x0000000008006b24       0x2a build/obj//Users/jared3701/Documents/git_repo/STM32/firmware/stm32H743/lib/Middlewares/FreeRTOS/Source/queue.o
 .text.prvUnlockQueue
                0x0000000008006b4e       0x70 build/obj//Users/jared3701/Documents/git_repo/STM32/firmware/stm32H743/lib/Middlewares/FreeRTOS/Source/queue.o
 *fill*         0x0000000008006bbe        0x2 
 .text.xQueueGenericReset
                0x0000000008006bc0       0x80 build/obj//Users/jared3701/Documents/git_repo/STM32/firmware/stm32H743/lib/Middlewares/FreeRTOS/Source/queue.o
                0x0000000008006bc0                xQueueGenericReset
 .text.xQueueGenericCreate
                0x0000000008006c40       0x48 build/obj//Users/jared3701/Documents/git_repo/STM32/firmware/stm32H743/lib/Middlewares/FreeRTOS/Source/queue.o
                0x0000000008006c40                xQueueGenericCreate
 .text.xQueueCreateCountingSemaphore
                0x0000000008006c88       0x3c build/obj//Users/jared3701/Documents/git_repo/STM32/firmware/stm32H743/lib/Middlewares/FreeRTOS/Source/queue.o
                0x0000000008006c88                xQueueCreateCountingSemaphore
 .text.xQueueGenericSend
                0x0000000008006cc4      0x164 build/obj//Users/jared3701/Documents/git_repo/STM32/firmware/stm32H743/lib/Middlewares/FreeRTOS/Source/queue.o
                0x0000000008006cc4                xQueueGenericSend
 .text.xQueueCreateMutex
                0x0000000008006e28       0x36 build/obj//Users/jared3701/Documents/git_repo/STM32/firmware/stm32H743/lib/Middlewares/FreeRTOS/Source/queue.o
                0x0000000008006e28                xQueueCreateMutex
 .text.xQueueGenericSendFromISR
                0x0000000008006e5e       0xc2 build/obj//Users/jared3701/Documents/git_repo/STM32/firmware/stm32H743/lib/Middlewares/FreeRTOS/Source/queue.o
                0x0000000008006e5e                xQueueGenericSendFromISR
 .text.xQueueGiveFromISR
                0x0000000008006f20       0xa8 build/obj//Users/jared3701/Documents/git_repo/STM32/firmware/stm32H743/lib/Middlewares/FreeRTOS/Source/queue.o
                0x0000000008006f20                xQueueGiveFromISR
 .text.xQueueReceive
                0x0000000008006fc8      0x140 build/obj//Users/jared3701/Documents/git_repo/STM32/firmware/stm32H743/lib/Middlewares/FreeRTOS/Source/queue.o
                0x0000000008006fc8                xQueueReceive
 .text.xQueueSemaphoreTake
                0x0000000008007108      0x188 build/obj//Users/jared3701/Documents/git_repo/STM32/firmware/stm32H743/lib/Middlewares/FreeRTOS/Source/queue.o
                0x0000000008007108                xQueueSemaphoreTake
 .text.xQueueReceiveFromISR
                0x0000000008007290       0x9e build/obj//Users/jared3701/Documents/git_repo/STM32/firmware/stm32H743/lib/Middlewares/FreeRTOS/Source/queue.o
                0x0000000008007290                xQueueReceiveFromISR
 .text.uxQueueMessagesWaiting
                0x000000000800732e       0x26 build/obj//Users/jared3701/Documents/git_repo/STM32/firmware/stm32H743/lib/Middlewares/FreeRTOS/Source/queue.o
                0x000000000800732e                uxQueueMessagesWaiting
 .text.uxQueueMessagesWaitingFromISR
                0x0000000008007354       0x18 build/obj//Users/jared3701/Documents/git_repo/STM32/firmware/stm32H743/lib/Middlewares/FreeRTOS/Source/queue.o
                0x0000000008007354                uxQueueMessagesWaitingFromISR
 .text.vQueueUnregisterQueue
                0x000000000800736c       0x30 build/obj//Users/jared3701/Documents/git_repo/STM32/firmware/stm32H743/lib/Middlewares/FreeRTOS/Source/queue.o
                0x000000000800736c                vQueueUnregisterQueue
 .text.vQueueDelete
                0x000000000800739c       0x22 build/obj//Users/jared3701/Documents/git_repo/STM32/firmware/stm32H743/lib/Middlewares/FreeRTOS/Source/queue.o
                0x000000000800739c                vQueueDelete
 *fill*         0x00000000080073be        0x2 
 .text.prvResetNextTaskUnblockTime
                0x00000000080073c0       0x24 build/obj//Users/jared3701/Documents/git_repo/STM32/firmware/stm32H743/lib/Middlewares/FreeRTOS/Source/tasks.o
 .text.prvAddCurrentTaskToDelayedList.isra.2
                0x00000000080073e4       0x70 build/obj//Users/jared3701/Documents/git_repo/STM32/firmware/stm32H743/lib/Middlewares/FreeRTOS/Source/tasks.o
 .text.prvIdleTask
                0x0000000008007454       0x6c build/obj//Users/jared3701/Documents/git_repo/STM32/firmware/stm32H743/lib/Middlewares/FreeRTOS/Source/tasks.o
 .text.xTaskCreate
                0x00000000080074c0      0x1d0 build/obj//Users/jared3701/Documents/git_repo/STM32/firmware/stm32H743/lib/Middlewares/FreeRTOS/Source/tasks.o
                0x00000000080074c0                xTaskCreate
 .text.vTaskDelete
                0x0000000008007690       0xd8 build/obj//Users/jared3701/Documents/git_repo/STM32/firmware/stm32H743/lib/Middlewares/FreeRTOS/Source/tasks.o
                0x0000000008007690                vTaskDelete
 .text.eTaskGetState
                0x0000000008007768       0x68 build/obj//Users/jared3701/Documents/git_repo/STM32/firmware/stm32H743/lib/Middlewares/FreeRTOS/Source/tasks.o
                0x0000000008007768                eTaskGetState
 .text.vTaskStartScheduler
                0x00000000080077d0       0x78 build/obj//Users/jared3701/Documents/git_repo/STM32/firmware/stm32H743/lib/Middlewares/FreeRTOS/Source/tasks.o
                0x00000000080077d0                vTaskStartScheduler
 .text.vTaskSuspendAll
                0x0000000008007848       0x10 build/obj//Users/jared3701/Documents/git_repo/STM32/firmware/stm32H743/lib/Middlewares/FreeRTOS/Source/tasks.o
                0x0000000008007848                vTaskSuspendAll
 .text.xTaskGetTickCount
                0x0000000008007858        0xc build/obj//Users/jared3701/Documents/git_repo/STM32/firmware/stm32H743/lib/Middlewares/FreeRTOS/Source/tasks.o
                0x0000000008007858                xTaskGetTickCount
 .text.xTaskGetTickCountFromISR
                0x0000000008007864       0x10 build/obj//Users/jared3701/Documents/git_repo/STM32/firmware/stm32H743/lib/Middlewares/FreeRTOS/Source/tasks.o
                0x0000000008007864                xTaskGetTickCountFromISR
 .text.xTaskIncrementTick
                0x0000000008007874      0x124 build/obj//Users/jared3701/Documents/git_repo/STM32/firmware/stm32H743/lib/Middlewares/FreeRTOS/Source/tasks.o
                0x0000000008007874                xTaskIncrementTick
 .text.xTaskResumeAll
                0x0000000008007998       0xec build/obj//Users/jared3701/Documents/git_repo/STM32/firmware/stm32H743/lib/Middlewares/FreeRTOS/Source/tasks.o
                0x0000000008007998                xTaskResumeAll
 .text.vTaskDelay
                0x0000000008007a84       0x48 build/obj//Users/jared3701/Documents/git_repo/STM32/firmware/stm32H743/lib/Middlewares/FreeRTOS/Source/tasks.o
                0x0000000008007a84                vTaskDelay
 .text.vTaskSwitchContext
                0x0000000008007acc       0x74 build/obj//Users/jared3701/Documents/git_repo/STM32/firmware/stm32H743/lib/Middlewares/FreeRTOS/Source/tasks.o
                0x0000000008007acc                vTaskSwitchContext
 .text.vTaskPlaceOnEventList
                0x0000000008007b40       0x30 build/obj//Users/jared3701/Documents/git_repo/STM32/firmware/stm32H743/lib/Middlewares/FreeRTOS/Source/tasks.o
                0x0000000008007b40                vTaskPlaceOnEventList
 .text.xTaskRemoveFromEventList
                0x0000000008007b70       0x84 build/obj//Users/jared3701/Documents/git_repo/STM32/firmware/stm32H743/lib/Middlewares/FreeRTOS/Source/tasks.o
                0x0000000008007b70                xTaskRemoveFromEventList
 .text.vTaskInternalSetTimeOutState
                0x0000000008007bf4       0x18 build/obj//Users/jared3701/Documents/git_repo/STM32/firmware/stm32H743/lib/Middlewares/FreeRTOS/Source/tasks.o
                0x0000000008007bf4                vTaskInternalSetTimeOutState
 .text.xTaskCheckForTimeOut
                0x0000000008007c0c       0x74 build/obj//Users/jared3701/Documents/git_repo/STM32/firmware/stm32H743/lib/Middlewares/FreeRTOS/Source/tasks.o
                0x0000000008007c0c                xTaskCheckForTimeOut
 .text.vTaskMissedYield
                0x0000000008007c80        0xc build/obj//Users/jared3701/Documents/git_repo/STM32/firmware/stm32H743/lib/Middlewares/FreeRTOS/Source/tasks.o
                0x0000000008007c80                vTaskMissedYield
 .text.vTaskGetInfo
                0x0000000008007c8c       0x64 build/obj//Users/jared3701/Documents/git_repo/STM32/firmware/stm32H743/lib/Middlewares/FreeRTOS/Source/tasks.o
                0x0000000008007c8c                vTaskGetInfo
 .text.prvListTasksWithinSingleList
                0x0000000008007cf0       0x58 build/obj//Users/jared3701/Documents/git_repo/STM32/firmware/stm32H743/lib/Middlewares/FreeRTOS/Source/tasks.o
 .text.uxTaskGetSystemState
                0x0000000008007d48       0x94 build/obj//Users/jared3701/Documents/git_repo/STM32/firmware/stm32H743/lib/Middlewares/FreeRTOS/Source/tasks.o
                0x0000000008007d48                uxTaskGetSystemState
 .text.xTaskGetSchedulerState
                0x0000000008007ddc       0x20 build/obj//Users/jared3701/Documents/git_repo/STM32/firmware/stm32H743/lib/Middlewares/FreeRTOS/Source/tasks.o
                0x0000000008007ddc                xTaskGetSchedulerState
 .text.xTaskPriorityInherit
                0x0000000008007dfc       0xa4 build/obj//Users/jared3701/Documents/git_repo/STM32/firmware/stm32H743/lib/Middlewares/FreeRTOS/Source/tasks.o
                0x0000000008007dfc                xTaskPriorityInherit
 .text.xTaskPriorityDisinherit
                0x0000000008007ea0       0xa0 build/obj//Users/jared3701/Documents/git_repo/STM32/firmware/stm32H743/lib/Middlewares/FreeRTOS/Source/tasks.o
                0x0000000008007ea0                xTaskPriorityDisinherit
 .text.vTaskPriorityDisinheritAfterTimeout
                0x0000000008007f40       0xb0 build/obj//Users/jared3701/Documents/git_repo/STM32/firmware/stm32H743/lib/Middlewares/FreeRTOS/Source/tasks.o
                0x0000000008007f40                vTaskPriorityDisinheritAfterTimeout
 .text.vTaskList
                0x0000000008007ff0       0xcc build/obj//Users/jared3701/Documents/git_repo/STM32/firmware/stm32H743/lib/Middlewares/FreeRTOS/Source/tasks.o
                0x0000000008007ff0                vTaskList
 .text.pvTaskIncrementMutexHeldCount
                0x00000000080080bc       0x18 build/obj//Users/jared3701/Documents/git_repo/STM32/firmware/stm32H743/lib/Middlewares/FreeRTOS/Source/tasks.o
                0x00000000080080bc                pvTaskIncrementMutexHeldCount
 .text.vListInitialise
                0x00000000080080d4       0x16 build/obj//Users/jared3701/Documents/git_repo/STM32/firmware/stm32H743/lib/Middlewares/FreeRTOS/Source/list.o
                0x00000000080080d4                vListInitialise
 .text.vListInitialiseItem
                0x00000000080080ea        0x6 build/obj//Users/jared3701/Documents/git_repo/STM32/firmware/stm32H743/lib/Middlewares/FreeRTOS/Source/list.o
                0x00000000080080ea                vListInitialiseItem
 .text.vListInsertEnd
                0x00000000080080f0       0x18 build/obj//Users/jared3701/Documents/git_repo/STM32/firmware/stm32H743/lib/Middlewares/FreeRTOS/Source/list.o
                0x00000000080080f0                vListInsertEnd
 .text.vListInsert
                0x0000000008008108       0x2e build/obj//Users/jared3701/Documents/git_repo/STM32/firmware/stm32H743/lib/Middlewares/FreeRTOS/Source/list.o
                0x0000000008008108                vListInsert
 .text.uxListRemove
                0x0000000008008136       0x20 build/obj//Users/jared3701/Documents/git_repo/STM32/firmware/stm32H743/lib/Middlewares/FreeRTOS/Source/list.o
                0x0000000008008136                uxListRemove
 *fill*         0x0000000008008156        0x2 
 .text.tcp_pbuf_prealloc
                0x0000000008008158       0x74 build/obj//Users/jared3701/Documents/git_repo/STM32/firmware/stm32H743/lib/Middlewares/LwIP/src/core/tcp_out.o
 .text.tcp_create_segment
                0x00000000080081cc       0xb8 build/obj//Users/jared3701/Documents/git_repo/STM32/firmware/stm32H743/lib/Middlewares/LwIP/src/core/tcp_out.o
 .text.tcp_output_alloc_header.constprop.0
                0x0000000008008284       0x78 build/obj//Users/jared3701/Documents/git_repo/STM32/firmware/stm32H743/lib/Middlewares/LwIP/src/core/tcp_out.o
 .text.tcp_write
                0x00000000080082fc      0x528 build/obj//Users/jared3701/Documents/git_repo/STM32/firmware/stm32H743/lib/Middlewares/LwIP/src/core/tcp_out.o
                0x00000000080082fc                tcp_write
 .text.tcp_enqueue_flags
                0x0000000008008824      0x120 build/obj//Users/jared3701/Documents/git_repo/STM32/firmware/stm32H743/lib/Middlewares/LwIP/src/core/tcp_out.o
                0x0000000008008824                tcp_enqueue_flags
 .text.tcp_send_fin
                0x0000000008008944       0x46 build/obj//Users/jared3701/Documents/git_repo/STM32/firmware/stm32H743/lib/Middlewares/LwIP/src/core/tcp_out.o
                0x0000000008008944                tcp_send_fin
 .text.tcp_send_empty_ack
                0x000000000800898a       0x6a build/obj//Users/jared3701/Documents/git_repo/STM32/firmware/stm32H743/lib/Middlewares/LwIP/src/core/tcp_out.o
                0x000000000800898a                tcp_send_empty_ack
 .text.tcp_output
                0x00000000080089f4      0x2f0 build/obj//Users/jared3701/Documents/git_repo/STM32/firmware/stm32H743/lib/Middlewares/LwIP/src/core/tcp_out.o
                0x00000000080089f4                tcp_output
 .text.tcp_rst  0x0000000008008ce4       0xb4 build/obj//Users/jared3701/Documents/git_repo/STM32/firmware/stm32H743/lib/Middlewares/LwIP/src/core/tcp_out.o
                0x0000000008008ce4                tcp_rst
 .text.tcp_rexmit_rto
                0x0000000008008d98       0x38 build/obj//Users/jared3701/Documents/git_repo/STM32/firmware/stm32H743/lib/Middlewares/LwIP/src/core/tcp_out.o
                0x0000000008008d98                tcp_rexmit_rto
 .text.tcp_rexmit
                0x0000000008008dd0       0x52 build/obj//Users/jared3701/Documents/git_repo/STM32/firmware/stm32H743/lib/Middlewares/LwIP/src/core/tcp_out.o
                0x0000000008008dd0                tcp_rexmit
 .text.tcp_rexmit_fast
                0x0000000008008e22       0x46 build/obj//Users/jared3701/Documents/git_repo/STM32/firmware/stm32H743/lib/Middlewares/LwIP/src/core/tcp_out.o
                0x0000000008008e22                tcp_rexmit_fast
 .text.tcp_keepalive
                0x0000000008008e68       0x54 build/obj//Users/jared3701/Documents/git_repo/STM32/firmware/stm32H743/lib/Middlewares/LwIP/src/core/tcp_out.o
                0x0000000008008e68                tcp_keepalive
 .text.tcp_zero_window_probe
                0x0000000008008ebc       0xbe build/obj//Users/jared3701/Documents/git_repo/STM32/firmware/stm32H743/lib/Middlewares/LwIP/src/core/tcp_out.o
                0x0000000008008ebc                tcp_zero_window_probe
 .text.lwip_standard_chksum
                0x0000000008008f7a       0x5a build/obj//Users/jared3701/Documents/git_repo/STM32/firmware/stm32H743/lib/Middlewares/LwIP/src/core/inet_chksum.o
                0x0000000008008f7a                lwip_standard_chksum
 .text.inet_chksum
                0x0000000008008fd4        0xc build/obj//Users/jared3701/Documents/git_repo/STM32/firmware/stm32H743/lib/Middlewares/LwIP/src/core/inet_chksum.o
                0x0000000008008fd4                inet_chksum
 .text.tcp_new_port
                0x0000000008008fe0       0x54 build/obj//Users/jared3701/Documents/git_repo/STM32/firmware/stm32H743/lib/Middlewares/LwIP/src/core/tcp.o
 .text.tcp_close_shutdown_fin
                0x0000000008009034       0x60 build/obj//Users/jared3701/Documents/git_repo/STM32/firmware/stm32H743/lib/Middlewares/LwIP/src/core/tcp.o
 .text.tcp_init
                0x0000000008009094        0x2 build/obj//Users/jared3701/Documents/git_repo/STM32/firmware/stm32H743/lib/Middlewares/LwIP/src/core/tcp.o
                0x0000000008009094                tcp_init
 *fill*         0x0000000008009096        0x2 
 .text.tcp_bind
                0x0000000008009098       0x94 build/obj//Users/jared3701/Documents/git_repo/STM32/firmware/stm32H743/lib/Middlewares/LwIP/src/core/tcp.o
                0x0000000008009098                tcp_bind
 .text.tcp_listen_with_backlog_and_err
                0x000000000800912c       0xb0 build/obj//Users/jared3701/Documents/git_repo/STM32/firmware/stm32H743/lib/Middlewares/LwIP/src/core/tcp.o
                0x000000000800912c                tcp_listen_with_backlog_and_err
 .text.tcp_update_rcv_ann_wnd
                0x00000000080091dc       0x58 build/obj//Users/jared3701/Documents/git_repo/STM32/firmware/stm32H743/lib/Middlewares/LwIP/src/core/tcp.o
                0x00000000080091dc                tcp_update_rcv_ann_wnd
 .text.tcp_recved
                0x0000000008009234       0x80 build/obj//Users/jared3701/Documents/git_repo/STM32/firmware/stm32H743/lib/Middlewares/LwIP/src/core/tcp.o
                0x0000000008009234                tcp_recved
 .text.tcp_seg_free
                0x00000000080092b4       0x1c build/obj//Users/jared3701/Documents/git_repo/STM32/firmware/stm32H743/lib/Middlewares/LwIP/src/core/tcp.o
                0x00000000080092b4                tcp_seg_free
 .text.tcp_segs_free
                0x00000000080092d0       0x10 build/obj//Users/jared3701/Documents/git_repo/STM32/firmware/stm32H743/lib/Middlewares/LwIP/src/core/tcp.o
                0x00000000080092d0                tcp_segs_free
 .text.tcp_arg  0x00000000080092e0        0x6 build/obj//Users/jared3701/Documents/git_repo/STM32/firmware/stm32H743/lib/Middlewares/LwIP/src/core/tcp.o
                0x00000000080092e0                tcp_arg
 *fill*         0x00000000080092e6        0x2 
 .text.tcp_recv
                0x00000000080092e8       0x2c build/obj//Users/jared3701/Documents/git_repo/STM32/firmware/stm32H743/lib/Middlewares/LwIP/src/core/tcp.o
                0x00000000080092e8                tcp_recv
 .text.tcp_sent
                0x0000000008009314       0x2c build/obj//Users/jared3701/Documents/git_repo/STM32/firmware/stm32H743/lib/Middlewares/LwIP/src/core/tcp.o
                0x0000000008009314                tcp_sent
 .text.tcp_err  0x0000000008009340       0x30 build/obj//Users/jared3701/Documents/git_repo/STM32/firmware/stm32H743/lib/Middlewares/LwIP/src/core/tcp.o
                0x0000000008009340                tcp_err
 .text.tcp_accept
                0x0000000008009370        0xc build/obj//Users/jared3701/Documents/git_repo/STM32/firmware/stm32H743/lib/Middlewares/LwIP/src/core/tcp.o
                0x0000000008009370                tcp_accept
 .text.tcp_poll
                0x000000000800937c       0x30 build/obj//Users/jared3701/Documents/git_repo/STM32/firmware/stm32H743/lib/Middlewares/LwIP/src/core/tcp.o
                0x000000000800937c                tcp_poll
 .text.tcp_pcb_purge
                0x00000000080093ac       0x38 build/obj//Users/jared3701/Documents/git_repo/STM32/firmware/stm32H743/lib/Middlewares/LwIP/src/core/tcp.o
                0x00000000080093ac                tcp_pcb_purge
 .text.tcp_slowtmr
                0x00000000080093e4      0x394 build/obj//Users/jared3701/Documents/git_repo/STM32/firmware/stm32H743/lib/Middlewares/LwIP/src/core/tcp.o
                0x00000000080093e4                tcp_slowtmr
 .text.tcp_pcb_remove
                0x0000000008009778       0x8c build/obj//Users/jared3701/Documents/git_repo/STM32/firmware/stm32H743/lib/Middlewares/LwIP/src/core/tcp.o
                0x0000000008009778                tcp_pcb_remove
 .text.tcp_close_shutdown
                0x0000000008009804      0x14c build/obj//Users/jared3701/Documents/git_repo/STM32/firmware/stm32H743/lib/Middlewares/LwIP/src/core/tcp.o
 .text.tcp_close
                0x0000000008009950       0x14 build/obj//Users/jared3701/Documents/git_repo/STM32/firmware/stm32H743/lib/Middlewares/LwIP/src/core/tcp.o
                0x0000000008009950                tcp_close
 .text.tcp_recv_null
                0x0000000008009964       0x24 build/obj//Users/jared3701/Documents/git_repo/STM32/firmware/stm32H743/lib/Middlewares/LwIP/src/core/tcp.o
                0x0000000008009964                tcp_recv_null
 .text.tcp_process_refused_data
                0x0000000008009988       0x64 build/obj//Users/jared3701/Documents/git_repo/STM32/firmware/stm32H743/lib/Middlewares/LwIP/src/core/tcp.o
                0x0000000008009988                tcp_process_refused_data
 .text.tcp_fasttmr
                0x00000000080099ec       0x80 build/obj//Users/jared3701/Documents/git_repo/STM32/firmware/stm32H743/lib/Middlewares/LwIP/src/core/tcp.o
                0x00000000080099ec                tcp_fasttmr
 .text.tcp_tmr  0x0000000008009a6c       0x24 build/obj//Users/jared3701/Documents/git_repo/STM32/firmware/stm32H743/lib/Middlewares/LwIP/src/core/tcp.o
                0x0000000008009a6c                tcp_tmr
 .text.tcp_shutdown
                0x0000000008009a90       0x4a build/obj//Users/jared3701/Documents/git_repo/STM32/firmware/stm32H743/lib/Middlewares/LwIP/src/core/tcp.o
                0x0000000008009a90                tcp_shutdown
 *fill*         0x0000000008009ada        0x2 
 .text.tcp_abandon
                0x0000000008009adc       0xe4 build/obj//Users/jared3701/Documents/git_repo/STM32/firmware/stm32H743/lib/Middlewares/LwIP/src/core/tcp.o
                0x0000000008009adc                tcp_abandon
 .text.tcp_abort
                0x0000000008009bc0        0x6 build/obj//Users/jared3701/Documents/git_repo/STM32/firmware/stm32H743/lib/Middlewares/LwIP/src/core/tcp.o
                0x0000000008009bc0                tcp_abort
 .text.tcp_accept_null
                0x0000000008009bc6        0xe build/obj//Users/jared3701/Documents/git_repo/STM32/firmware/stm32H743/lib/Middlewares/LwIP/src/core/tcp.o
 .text.tcp_netif_ip_addr_changed_pcblist.isra.4
                0x0000000008009bd4       0x1c build/obj//Users/jared3701/Documents/git_repo/STM32/firmware/stm32H743/lib/Middlewares/LwIP/src/core/tcp.o
 .text.tcp_kill_state
                0x0000000008009bf0       0x3c build/obj//Users/jared3701/Documents/git_repo/STM32/firmware/stm32H743/lib/Middlewares/LwIP/src/core/tcp.o
 .text.tcp_alloc
                0x0000000008009c2c      0x10c build/obj//Users/jared3701/Documents/git_repo/STM32/firmware/stm32H743/lib/Middlewares/LwIP/src/core/tcp.o
                0x0000000008009c2c                tcp_alloc
 .text.tcp_new_ip_type
                0x0000000008009d38        0x6 build/obj//Users/jared3701/Documents/git_repo/STM32/firmware/stm32H743/lib/Middlewares/LwIP/src/core/tcp.o
                0x0000000008009d38                tcp_new_ip_type
 *fill*         0x0000000008009d3e        0x2 
 .text.tcp_next_iss
                0x0000000008009d40       0x18 build/obj//Users/jared3701/Documents/git_repo/STM32/firmware/stm32H743/lib/Middlewares/LwIP/src/core/tcp.o
                0x0000000008009d40                tcp_next_iss
 .text.tcp_eff_send_mss_impl
                0x0000000008009d58       0x1e build/obj//Users/jared3701/Documents/git_repo/STM32/firmware/stm32H743/lib/Middlewares/LwIP/src/core/tcp.o
                0x0000000008009d58                tcp_eff_send_mss_impl
 *fill*         0x0000000008009d76        0x2 
 .text.tcp_netif_ip_addr_changed
                0x0000000008009d78       0x4c build/obj//Users/jared3701/Documents/git_repo/STM32/firmware/stm32H743/lib/Middlewares/LwIP/src/core/tcp.o
                0x0000000008009d78                tcp_netif_ip_addr_changed
 .text.lwip_init
                0x0000000008009dc4       0x22 build/obj//Users/jared3701/Documents/git_repo/STM32/firmware/stm32H743/lib/Middlewares/LwIP/src/core/init.o
                0x0000000008009dc4                lwip_init
 .text.udp_init
                0x0000000008009de6        0x2 build/obj//Users/jared3701/Documents/git_repo/STM32/firmware/stm32H743/lib/Middlewares/LwIP/src/core/udp.o
                0x0000000008009de6                udp_init
 .text.udp_input
                0x0000000008009de8      0x12c build/obj//Users/jared3701/Documents/git_repo/STM32/firmware/stm32H743/lib/Middlewares/LwIP/src/core/udp.o
                0x0000000008009de8                udp_input
 .text.udp_bind
                0x0000000008009f14       0xa8 build/obj//Users/jared3701/Documents/git_repo/STM32/firmware/stm32H743/lib/Middlewares/LwIP/src/core/udp.o
                0x0000000008009f14                udp_bind
 .text.udp_sendto_if_src
                0x0000000008009fbc       0xcc build/obj//Users/jared3701/Documents/git_repo/STM32/firmware/stm32H743/lib/Middlewares/LwIP/src/core/udp.o
                0x0000000008009fbc                udp_sendto_if_src
 .text.udp_sendto_if
                0x000000000800a088       0x38 build/obj//Users/jared3701/Documents/git_repo/STM32/firmware/stm32H743/lib/Middlewares/LwIP/src/core/udp.o
                0x000000000800a088                udp_sendto_if
 .text.udp_connect
                0x000000000800a0c0       0x50 build/obj//Users/jared3701/Documents/git_repo/STM32/firmware/stm32H743/lib/Middlewares/LwIP/src/core/udp.o
                0x000000000800a0c0                udp_connect
 .text.udp_recv
                0x000000000800a110        0x6 build/obj//Users/jared3701/Documents/git_repo/STM32/firmware/stm32H743/lib/Middlewares/LwIP/src/core/udp.o
                0x000000000800a110                udp_recv
 *fill*         0x000000000800a116        0x2 
 .text.udp_remove
                0x000000000800a118       0x30 build/obj//Users/jared3701/Documents/git_repo/STM32/firmware/stm32H743/lib/Middlewares/LwIP/src/core/udp.o
                0x000000000800a118                udp_remove
 .text.udp_new  0x000000000800a148       0x1c build/obj//Users/jared3701/Documents/git_repo/STM32/firmware/stm32H743/lib/Middlewares/LwIP/src/core/udp.o
                0x000000000800a148                udp_new
 .text.udp_new_ip_type
                0x000000000800a164        0x4 build/obj//Users/jared3701/Documents/git_repo/STM32/firmware/stm32H743/lib/Middlewares/LwIP/src/core/udp.o
                0x000000000800a164                udp_new_ip_type
 .text.udp_netif_ip_addr_changed
                0x000000000800a168       0x2c build/obj//Users/jared3701/Documents/git_repo/STM32/firmware/stm32H743/lib/Middlewares/LwIP/src/core/udp.o
                0x000000000800a168                udp_netif_ip_addr_changed
 .text.netif_issue_reports.part.0
                0x000000000800a194       0x12 build/obj//Users/jared3701/Documents/git_repo/STM32/firmware/stm32H743/lib/Middlewares/LwIP/src/core/netif.o
 .text.netif_init
                0x000000000800a1a6        0x2 build/obj//Users/jared3701/Documents/git_repo/STM32/firmware/stm32H743/lib/Middlewares/LwIP/src/core/netif.o
                0x000000000800a1a6                netif_init
 .text.netif_set_ipaddr
                0x000000000800a1a8       0x48 build/obj//Users/jared3701/Documents/git_repo/STM32/firmware/stm32H743/lib/Middlewares/LwIP/src/core/netif.o
                0x000000000800a1a8                netif_set_ipaddr
 .text.netif_set_addr
                0x000000000800a1f0       0x38 build/obj//Users/jared3701/Documents/git_repo/STM32/firmware/stm32H743/lib/Middlewares/LwIP/src/core/netif.o
                0x000000000800a1f0                netif_set_addr
 .text.netif_add
                0x000000000800a228       0x80 build/obj//Users/jared3701/Documents/git_repo/STM32/firmware/stm32H743/lib/Middlewares/LwIP/src/core/netif.o
                0x000000000800a228                netif_add
 .text.netif_set_default
                0x000000000800a2a8        0xc build/obj//Users/jared3701/Documents/git_repo/STM32/firmware/stm32H743/lib/Middlewares/LwIP/src/core/netif.o
                0x000000000800a2a8                netif_set_default
 .text.netif_set_up